 Furuta_Control_sfun

 Timestamp is 5c0830cc (Wed Dec  5 18:10:52 2018)

 Preferred load address is 0000000180000000

 Start         Length     Name                   Class
 0001:00000000 0001e760H .text$mn                CODE
 0001:0001e760 000000d2H .text$mn$00             CODE
 0001:0001e832 00000084H .text$x                 CODE
 0002:00000000 00000548H .idata$5                DATA
 0002:00000548 00000020H .00cfg                  DATA
 0002:00000568 00000008H .CRT$XCA                DATA
 0002:00000570 00000008H .CRT$XCZ                DATA
 0002:00000578 00000008H .CRT$XIA                DATA
 0002:00000580 00000008H .CRT$XIZ                DATA
 0002:00000588 00000008H .CRT$XPA                DATA
 0002:00000590 00000008H .CRT$XPZ                DATA
 0002:00000598 00000008H .CRT$XTA                DATA
 0002:000005a0 00000010H .CRT$XTZ                DATA
 0002:000005a8 00000000H .gfids$y                DATA
 0002:000005b0 00000290H .rdata                  DATA
 0002:00000840 00000218H .rdata$zzzdbg           DATA
 0002:00000a58 00000008H .rtc$IAA                DATA
 0002:00000a60 00000008H .rtc$IZZ                DATA
 0002:00000a68 00000008H .rtc$TAA                DATA
 0002:00000a70 00000008H .rtc$TZZ                DATA
 0002:00000a78 00000c78H .xdata                  DATA
 0002:000016f0 00000080H .edata                  DATA
 0002:00001770 00000104H .idata$2                DATA
 0002:00001874 00000014H .idata$3                DATA
 0002:00001888 00000548H .idata$4                DATA
 0002:00001dd0 00001016H .idata$6                DATA
 0003:00000000 00004bd0H .data                   DATA
 0003:00004bd0 00000658H .bss                    DATA
 0004:00000000 00000e88H .pdata                  DATA

  Address         Publics by Value              Rva+Base               Lib:Object

 0000:00000000       __guard_iat_count          0000000000000000     <absolute>
 0000:00000000       __enclave_config           0000000000000000     <absolute>
 0000:00000000       __hybrid_auxiliary_iat     0000000000000000     <absolute>
 0000:00000000       ___safe_se_handler_table   0000000000000000     <absolute>
 0000:00000000       __dynamic_value_reloc_table 0000000000000000     <absolute>
 0000:00000000       ___safe_se_handler_count   0000000000000000     <absolute>
 0000:00000000       __guard_iat_table          0000000000000000     <absolute>
 0000:00000000       __guard_fids_count         0000000000000000     <absolute>
 0000:00000000       __hybrid_code_map          0000000000000000     <absolute>
 0000:00000000       __hybrid_code_map_count    0000000000000000     <absolute>
 0000:00000000       __guard_fids_table         0000000000000000     <absolute>
 0000:00000000       __guard_longjmp_table      0000000000000000     <absolute>
 0000:00000000       __guard_longjmp_count      0000000000000000     <absolute>
 0000:00000100       __guard_flags              0000000000000100     <absolute>
 0000:00000000       __ImageBase                0000000180000000     <linker-defined>
 0001:00000000       Furuta_Control_initializer 0000000180001000 f   Furuta_Control_sfun.obj
 0001:00000010       Furuta_Control_terminator  0000000180001010 f   Furuta_Control_sfun.obj
 0001:00000020       load_Furuta_Control_optimization_info 0000000180001020 f   Furuta_Control_sfun.obj
 0001:000000d0       unload_Furuta_Control_optimization_info 00000001800010d0 f   Furuta_Control_sfun.obj
 0001:00000100       sf_Furuta_Control_method_dispatcher 0000000180001100 f   Furuta_Control_sfun.obj
 0001:00000120       sf_Furuta_Control_process_check_sum_call 0000000180001120 f   Furuta_Control_sfun.obj
 0001:00000600       sf_Furuta_Control_autoinheritance_info 0000000180001600 f   Furuta_Control_sfun.obj
 0001:00000790       sf_Furuta_Control_get_eml_resolved_functions_info 0000000180001790 f   Furuta_Control_sfun.obj
 0001:00000920       sf_Furuta_Control_third_party_uses_info 0000000180001920 f   Furuta_Control_sfun.obj
 0001:00000ab0       sf_Furuta_Control_jit_fallback_info 0000000180001ab0 f   Furuta_Control_sfun.obj
 0001:00000c40       sf_Furuta_Control_updateBuildInfo_args_info 0000000180001c40 f   Furuta_Control_sfun.obj
 0001:00000dd0       Furuta_Control_debug_initialize 0000000180001dd0 f   Furuta_Control_sfun.obj
 0001:00000e50       Furuta_Control_register_exported_symbols 0000000180001e50 f   Furuta_Control_sfun.obj
 0001:00000e60       mexFunction                0000000180001e60 f   Furuta_Control_sfun_registry.obj
 0001:00003420       _ssSetInputPortDirectFeedThroughFcn 0000000180004420 f   Furuta_Control_sfun_registry.obj
 0001:00003590       _ssSetRWorkValueFcn        0000000180004590 f   Furuta_Control_sfun_registry.obj
 0001:00003610       _ssGetRWorkValueFcn        0000000180004610 f   Furuta_Control_sfun_registry.obj
 0001:00003680       _ssSetIWorkValueFcn        0000000180004680 f   Furuta_Control_sfun_registry.obj
 0001:00003700       _ssGetIWorkValueFcn        0000000180004700 f   Furuta_Control_sfun_registry.obj
 0001:00003770       _ssSetPWorkValueFcn        0000000180004770 f   Furuta_Control_sfun_registry.obj
 0001:000037f0       _ssGetPWorkValueFcn        00000001800047f0 f   Furuta_Control_sfun_registry.obj
 0001:00003860       _ssGetInputPortSignalFcn   0000000180004860 f   Furuta_Control_sfun_registry.obj
 0001:00003bf0       _ssGetInputPortBufferDstPortFcn 0000000180004bf0 f   Furuta_Control_sfun_registry.obj
 0001:00003c70       _ssGetInputPortSignalPtrsFcn 0000000180004c70 f   Furuta_Control_sfun_registry.obj
 0001:00004000       ssGetParameterTuningCompliance 0000000180005000 f   Furuta_Control_sfun_registry.obj
 0001:00004070       ssGetDTypeIdFromMxArray    0000000180005070 f   Furuta_Control_sfun_registry.obj
 0001:00004190       ssWriteRTWMx2dMatParam     0000000180005190 f   Furuta_Control_sfun_registry.obj
 0001:00004220       ssWriteRTWMxVectParam      0000000180005220 f   Furuta_Control_sfun_registry.obj
 0001:000042a0       ssWriteRTWParameters       00000001800052a0 f   Furuta_Control_sfun_registry.obj
 0001:00004860       ssWriteRTWParamSettings    0000000180005860 f   Furuta_Control_sfun_registry.obj
 0001:00004f50       ssWriteRTWStr              0000000180005f50 f   Furuta_Control_sfun_registry.obj
 0001:00004fb0       ssWriteRTWWorkVect         0000000180005fb0 f   Furuta_Control_sfun_registry.obj
 0001:00005510       ssWarning                  0000000180006510 f   Furuta_Control_sfun_registry.obj
 0001:00005600       _ssSetInputPortReusableFcn 0000000180006600 f   Furuta_Control_sfun_registry.obj
 0001:00005700       _ssSetOutputPortReusableFcn 0000000180006700 f   Furuta_Control_sfun_registry.obj
 0001:00005800       _ssSetSymbolicDimsSupport  0000000180006800 f   Furuta_Control_sfun_registry.obj
 0001:00005870       _ssRegisterSymbolicDimsExpr 0000000180006870 f   Furuta_Control_sfun_registry.obj
 0001:000058f0       _ssRegisterSymbolicDims    00000001800068f0 f   Furuta_Control_sfun_registry.obj
 0001:00005990       _ssRegisterSymbolicDimsString 0000000180006990 f   Furuta_Control_sfun_registry.obj
 0001:00005a10       _ssRegisterSymbolicDimsIntValue 0000000180006a10 f   Furuta_Control_sfun_registry.obj
 0001:00005a80       _ssRegisterSymbolicDimsPlus 0000000180006a80 f   Furuta_Control_sfun_registry.obj
 0001:00005b00       _ssRegisterSymbolicDimsMinus 0000000180006b00 f   Furuta_Control_sfun_registry.obj
 0001:00005b80       _ssRegisterSymbolicDimsMultiply 0000000180006b80 f   Furuta_Control_sfun_registry.obj
 0001:00005c00       _ssRegisterSymbolicDimsDivide 0000000180006c00 f   Furuta_Control_sfun_registry.obj
 0001:00005c80       _ssGetNumSymbolicDims      0000000180006c80 f   Furuta_Control_sfun_registry.obj
 0001:00005cf0       _ssGetSymbolicDim          0000000180006cf0 f   Furuta_Control_sfun_registry.obj
 0001:00005d70       _ssSetInputPortSymbolicDimsId 0000000180006d70 f   Furuta_Control_sfun_registry.obj
 0001:00005de0       _ssGetCompInputPortSymbolicDimsId 0000000180006de0 f   Furuta_Control_sfun_registry.obj
 0001:00005e50       _ssSetCompInputPortSymbolicDimsId 0000000180006e50 f   Furuta_Control_sfun_registry.obj
 0001:00005ec0       _ssSetOutputPortSymbolicDimsId 0000000180006ec0 f   Furuta_Control_sfun_registry.obj
 0001:00005f30       _ssGetCompOutputPortSymbolicDimsId 0000000180006f30 f   Furuta_Control_sfun_registry.obj
 0001:00005fa0       _ssSetCompOutputPortSymbolicDimsId 0000000180006fa0 f   Furuta_Control_sfun_registry.obj
 0001:00006010       _ssSetCompDWorkSymbolicDimsId 0000000180007010 f   Furuta_Control_sfun_registry.obj
 0001:00006080       ssGetIsZeroCrossControlDisabled 0000000180007080 f   Furuta_Control_sfun_registry.obj
 0001:000060f0       ssSetIsInputPortUsedForContZcSignal 00000001800070f0 f   Furuta_Control_sfun_registry.obj
 0001:00006160       ssSetZcSignalIsZcElementDisc 0000000180007160 f   Furuta_Control_sfun_registry.obj
 0001:00006210       ssSetZcSignalName          0000000180007210 f   Furuta_Control_sfun_registry.obj
 0001:00006280       ssSetZcSignalWidth         0000000180007280 f   Furuta_Control_sfun_registry.obj
 0001:000062f0       ssSetZcSignalZcEventType   00000001800072f0 f   Furuta_Control_sfun_registry.obj
 0001:00006360       ssSetZcSignalType          0000000180007360 f   Furuta_Control_sfun_registry.obj
 0001:000063d0       ssSetZcSignalZcTol         00000001800073d0 f   Furuta_Control_sfun_registry.obj
 0001:00006440       ssSetZcSignalNeedsEventNotification 0000000180007440 f   Furuta_Control_sfun_registry.obj
 0001:000064b0       ssCreateAndAddZcSignalInfo 00000001800074b0 f   Furuta_Control_sfun_registry.obj
 0001:00006520       ssCloneAndAddZcSignalInfo  0000000180007520 f   Furuta_Control_sfun_registry.obj
 0001:00006590       ssGetNumZcSignals          0000000180007590 f   Furuta_Control_sfun_registry.obj
 0001:00006600       ssGetZcSignalVector        0000000180007600 f   Furuta_Control_sfun_registry.obj
 0001:00006670       ssGetZcSignalName          0000000180007670 f   Furuta_Control_sfun_registry.obj
 0001:000066e0       ssGetZcSignalWidth         00000001800076e0 f   Furuta_Control_sfun_registry.obj
 0001:00006750       ssGetZcSignalZcEventType   0000000180007750 f   Furuta_Control_sfun_registry.obj
 0001:000067c0       ssGetZcSignalZcEvents      00000001800077c0 f   Furuta_Control_sfun_registry.obj
 0001:00006830       ssGetZcSignalType          0000000180007830 f   Furuta_Control_sfun_registry.obj
 0001:000068a0       ssGetZcSignalZcTol         00000001800078a0 f   Furuta_Control_sfun_registry.obj
 0001:00006920       ssGetZcSignalNeedsEventNotification 0000000180007920 f   Furuta_Control_sfun_registry.obj
 0001:00006990       ssGetZcSignalIsZcElementDisc 0000000180007990 f   Furuta_Control_sfun_registry.obj
 0001:00006a30       ssGetIsInputPortElementContinuous 0000000180007a30 f   Furuta_Control_sfun_registry.obj
 0001:00006ad0       ssWriteRTWNameValuePair    0000000180007ad0 f   Furuta_Control_sfun_registry.obj
 0001:00006fd0       _ssSetInputPortMatrixDimensions 0000000180007fd0 f   Furuta_Control_sfun_registry.obj
 0001:000070f0       _ssSetOutputPortMatrixDimensions 00000001800080f0 f   Furuta_Control_sfun_registry.obj
 0001:00007210       _ssSetInputPortVectorDimension 0000000180008210 f   Furuta_Control_sfun_registry.obj
 0001:000072c0       _ssSetOutputPortVectorDimension 00000001800082c0 f   Furuta_Control_sfun_registry.obj
 0001:00007370       ssIsRunTimeParamTunable    0000000180008370 f   Furuta_Control_sfun_registry.obj
 0001:000073e0       ssGetSFuncBlockHandle      00000001800083e0 f   Furuta_Control_sfun_registry.obj
 0001:00007450       _ssGetCurrentInputPortWidth 0000000180008450 f   Furuta_Control_sfun_registry.obj
 0001:00007570       _ssGetCurrentOutputPortWidth 0000000180008570 f   Furuta_Control_sfun_registry.obj
 0001:00007690       _ssGetCallSystemNumFcnCallDestinations 0000000180008690 f   Furuta_Control_sfun_registry.obj
 0001:00007700       _ssGetAbsTol               0000000180008700 f   Furuta_Control_sfun_registry.obj
 0001:00007770       _ssSetStateAbsTol          0000000180008770 f   Furuta_Control_sfun_registry.obj
 0001:00007850       sf_process_check_sum_call  0000000180008850 f   Furuta_Control_sfun_registry.obj
 0001:000078c0       sf_process_autoinheritance_call 00000001800088c0 f   Furuta_Control_sfun_registry.obj
 0001:00007bb0       sf_process_get_third_party_uses_info_call 0000000180008bb0 f   Furuta_Control_sfun_registry.obj
 0001:00007ea0       sf_process_get_jit_fallback_info_call 0000000180008ea0 f   Furuta_Control_sfun_registry.obj
 0001:00008190       sf_process_get_updateBuildInfo_args_info_call 0000000180009190 f   Furuta_Control_sfun_registry.obj
 0001:00008480       sf_process_get_eml_resolved_functions_info_call 0000000180009480 f   Furuta_Control_sfun_registry.obj
 0001:00008770       sf_mex_unlock_call         0000000180009770 f   Furuta_Control_sfun_registry.obj
 0001:00008a10       sf_machine_global_initializer_called 0000000180009a10 f   Furuta_Control_sfun_registry.obj
 0001:00008a40       sf_machine_global_method_dispatcher 0000000180009a40 f   Furuta_Control_sfun_registry.obj
 0001:00008ae0       sf_machine_global_terminator 0000000180009ae0 f   Furuta_Control_sfun_registry.obj
 0001:00008b30       sf_register_machine_exported_symbols 0000000180009b30 f   Furuta_Control_sfun_registry.obj
 0001:00008b60       callCustomFcn              0000000180009b60 f   Furuta_Control_sfun_registry.obj
 0001:00008b70       sf_machine_global_initializer 0000000180009b70 f   Furuta_Control_sfun_registry.obj
 0001:00008c00       mdlGetSimState             0000000180009c00 f   Furuta_Control_sfun_registry.obj
 0001:00008c40       mdlSetSimState             0000000180009c40 f   Furuta_Control_sfun_registry.obj
 0001:000094b0       ProcessMexSfunctionEveryCall 000000018000a4b0 f   Furuta_Control_sfun_registry.obj
 0001:0000a5c0       __local_stdio_printf_options 000000018000b5c0 f i Furuta_Control_sfun_registry.obj
 0001:0000a5d0       _vsnprintf_l               000000018000b5d0 f i Furuta_Control_sfun_registry.obj
 0001:0000a650       _vsprintf_l                000000018000b650 f i Furuta_Control_sfun_registry.obj
 0001:0000a6a0       sprintf                    000000018000b6a0 f i Furuta_Control_sfun_registry.obj
 0001:0000a6f0       mexfilerequiredapiversion  000000018000b6f0 f   c_mexapi_version.obj
 0001:0000a720       sharedTrackingLibrary_initializer 000000018000b720 f   sharedTrackingLibrary_sfun:sharedTrackingLibrary_sfun.obj
 0001:0000a730       sharedTrackingLibrary_terminator 000000018000b730 f   sharedTrackingLibrary_sfun:sharedTrackingLibrary_sfun.obj
 0001:0000a740       load_sharedTrackingLibrary_optimization_info 000000018000b740 f   sharedTrackingLibrary_sfun:sharedTrackingLibrary_sfun.obj
 0001:0000a7f0       unload_sharedTrackingLibrary_optimization_info 000000018000b7f0 f   sharedTrackingLibrary_sfun:sharedTrackingLibrary_sfun.obj
 0001:0000a820       sf_sharedTrackingLibrary_method_dispatcher 000000018000b820 f   sharedTrackingLibrary_sfun:sharedTrackingLibrary_sfun.obj
 0001:0000a890       sf_sharedTrackingLibrary_process_check_sum_call 000000018000b890 f   sharedTrackingLibrary_sfun:sharedTrackingLibrary_sfun.obj
 0001:0000acb0       sf_sharedTrackingLibrary_autoinheritance_info 000000018000bcb0 f   sharedTrackingLibrary_sfun:sharedTrackingLibrary_sfun.obj
 0001:0000aef0       sf_sharedTrackingLibrary_get_eml_resolved_functions_info 000000018000bef0 f   sharedTrackingLibrary_sfun:sharedTrackingLibrary_sfun.obj
 0001:0000b130       sf_sharedTrackingLibrary_third_party_uses_info 000000018000c130 f   sharedTrackingLibrary_sfun:sharedTrackingLibrary_sfun.obj
 0001:0000b330       sf_sharedTrackingLibrary_jit_fallback_info 000000018000c330 f   sharedTrackingLibrary_sfun:sharedTrackingLibrary_sfun.obj
 0001:0000b530       sf_sharedTrackingLibrary_updateBuildInfo_args_info 000000018000c530 f   sharedTrackingLibrary_sfun:sharedTrackingLibrary_sfun.obj
 0001:0000b730       sharedTrackingLibrary_debug_initialize 000000018000c730 f   sharedTrackingLibrary_sfun:sharedTrackingLibrary_sfun.obj
 0001:0000b7c0       sharedTrackingLibrary_register_exported_symbols 000000018000c7c0 f   sharedTrackingLibrary_sfun:sharedTrackingLibrary_sfun.obj
 0001:0000b7d0       sf_c1_sharedTrackingLibrary_get_eml_resolved_functions_info 000000018000c7d0 f   sharedTrackingLibrary_sfun:c1_sharedTrackingLibrary.obj
 0001:0000b850       sf_c1_sharedTrackingLibrary_get_check_sum 000000018000c850 f   sharedTrackingLibrary_sfun:c1_sharedTrackingLibrary.obj
 0001:0000b920       c1_sharedTrackingLibrary_method_dispatcher 000000018000c920 f   sharedTrackingLibrary_sfun:c1_sharedTrackingLibrary.obj
 0001:00012620       sf_c1_sharedTrackingLibrary_get_post_codegen_info 0000000180013620 f   sharedTrackingLibrary_sfun:c1_sharedTrackingLibrary.obj
 0001:00012710       sf_c1_sharedTrackingLibrary_get_autoinheritance_info 0000000180013710 f   sharedTrackingLibrary_sfun:c1_sharedTrackingLibrary.obj
 0001:00013670       sf_c1_sharedTrackingLibrary_third_party_uses_info 0000000180014670 f   sharedTrackingLibrary_sfun:c1_sharedTrackingLibrary.obj
 0001:000136c0       sf_c1_sharedTrackingLibrary_jit_fallback_info 00000001800146c0 f   sharedTrackingLibrary_sfun:c1_sharedTrackingLibrary.obj
 0001:00013850       sf_c1_sharedTrackingLibrary_updateBuildInfo_args_info 0000000180014850 f   sharedTrackingLibrary_sfun:c1_sharedTrackingLibrary.obj
 0001:000148e0       sf_c2_sharedTrackingLibrary_get_eml_resolved_functions_info 00000001800158e0 f   sharedTrackingLibrary_sfun:c2_sharedTrackingLibrary.obj
 0001:00014960       sf_c2_sharedTrackingLibrary_get_check_sum 0000000180015960 f   sharedTrackingLibrary_sfun:c2_sharedTrackingLibrary.obj
 0001:00014a30       c2_sharedTrackingLibrary_method_dispatcher 0000000180015a30 f   sharedTrackingLibrary_sfun:c2_sharedTrackingLibrary.obj
 0001:0001b000       sf_c2_sharedTrackingLibrary_get_post_codegen_info 000000018001c000 f   sharedTrackingLibrary_sfun:c2_sharedTrackingLibrary.obj
 0001:0001b0f0       sf_c2_sharedTrackingLibrary_get_autoinheritance_info 000000018001c0f0 f   sharedTrackingLibrary_sfun:c2_sharedTrackingLibrary.obj
 0001:0001be00       sf_c2_sharedTrackingLibrary_third_party_uses_info 000000018001ce00 f   sharedTrackingLibrary_sfun:c2_sharedTrackingLibrary.obj
 0001:0001be50       sf_c2_sharedTrackingLibrary_jit_fallback_info 000000018001ce50 f   sharedTrackingLibrary_sfun:c2_sharedTrackingLibrary.obj
 0001:0001bfe0       sf_c2_sharedTrackingLibrary_updateBuildInfo_args_info 000000018001cfe0 f   sharedTrackingLibrary_sfun:c2_sharedTrackingLibrary.obj
 0001:0001cf66       dgemv                      000000018001df66 f   libmwblas:libmwblas.dll
 0001:0001cf6c       sf_load_rtw_optimization_info 000000018001df6c f   sf_runtime:sf_runtime.dll
 0001:0001cf72       sf_debug_initialize_machine 000000018001df72 f   sf_runtime:sf_runtime.dll
 0001:0001cf78       sf_debug_set_machine_event_thresholds 000000018001df78 f   sf_runtime:sf_runtime.dll
 0001:0001cf7e       sf_debug_set_machine_data_thresholds 000000018001df7e f   sf_runtime:sf_runtime.dll
 0001:0001cf84       sf_get_ChartInfoStruct_CodeGen 000000018001df84 f   sf_runtime:sf_runtime.dll
 0001:0001cf8a       sf_get_hasSeparateUpdateOutputs 000000018001df8a f   sf_runtime:sf_runtime.dll
 0001:0001cf90       callMdlMethodAndReportError 000000018001df90 f   sf_runtime:sf_runtime.dll
 0001:0001cf96       sim_mode_is_rtw_gen        000000018001df96 f   sf_runtime:sf_runtime.dll
 0001:0001cf9c       call_sf_machine_global_method_dispatcher 000000018001df9c f   sf_runtime:sf_runtime.dll
 0001:0001cfa2       getRuntimeInstanceInfoAsVoid 000000018001dfa2 f   sf_runtime:sf_runtime.dll
 0001:0001cfa8       sf_mex_error_direct_call   000000018001dfa8 f   sf_runtime:sf_runtime.dll
 0001:0001cfae       sf_clear_error_manager_info 000000018001dfae f   sf_runtime:sf_runtime.dll
 0001:0001cfb4       sf_debug_create_debug_instance_struct 000000018001dfb4 f   sf_runtime:sf_runtime.dll
 0001:0001cfba       sf_debug_terminate         000000018001dfba f   sf_runtime:sf_runtime.dll
 0001:0001cfc0       sf_debug_api               000000018001dfc0 f   sf_runtime:sf_runtime.dll
 0001:0001cfc6       sf_init_ChartRunTimeInfo   000000018001dfc6 f   sf_runtime:sf_runtime.dll
 0001:0001cfcc       sf_free_ChartRunTimeInfo   000000018001dfcc f   sf_runtime:sf_runtime.dll
 0001:0001cfd2       sfrtGetEmlrtCtx            000000018001dfd2 f   sf_runtime:sf_runtime.dll
 0001:0001cfd8       sf_get_chart_instance_ptr  000000018001dfd8 f   sf_runtime:sf_runtime.dll
 0001:0001cfde       sf_rtw_info_uint_prop      000000018001dfde f   sf_runtime:sf_runtime.dll
 0001:0001cfe4       sf_update_buildInfo        000000018001dfe4 f   sf_runtime:sf_runtime.dll
 0001:0001cfea       sf_is_chart_inlinable      000000018001dfea f   sf_runtime:sf_runtime.dll
 0001:0001cff0       sf_mark_chart_reusable_outputs 000000018001dff0 f   sf_runtime:sf_runtime.dll
 0001:0001cff6       sf_mark_chart_expressionable_inputs 000000018001dff6 f   sf_runtime:sf_runtime.dll
 0001:0001cffc       sim_mode_is_external       000000018001dffc f   sf_runtime:sf_runtime.dll
 0001:0001d002       sim_mode_is_modelref_sim   000000018001e002 f   sf_runtime:sf_runtime.dll
 0001:0001d008       sf_mex_get_sfun_param      000000018001e008 f   sf_runtime:sf_runtime.dll
 0001:0001d00e       sf_clear_rtw_identifier    000000018001e00e f   sf_runtime:sf_runtime.dll
 0001:0001d014       sf_set_rtw_dwork_info      000000018001e014 f   sf_runtime:sf_runtime.dll
 0001:0001d01a       sf_get_time                000000018001e01a f   sf_runtime:sf_runtime.dll
 0001:0001d020       sf_is_first_init_cond      000000018001e020 f   sf_runtime:sf_runtime.dll
 0001:0001d026       sf_set_chart_accesses_machine_info 000000018001e026 f   sf_runtime:sf_runtime.dll
 0001:0001d02c       sf_register_codegen_names_for_scoped_functions_defined_by_chart 000000018001e02c f   sf_runtime:sf_runtime.dll
 0001:0001d032       sf_error_out_about_continuous_sample_time_with_persistent_vars 000000018001e032 f   sf_runtime:sf_runtime.dll
 0001:0001d038       ssSetBlockIsPurelyCombinatorial_wrapper 000000018001e038 f   sf_runtime:sf_runtime.dll
 0001:0001d03e       sf_mex_call_debug          000000018001e03e f   sf_runtime:sf_runtime.dll
 0001:0001d044       sf_mex_error_message       000000018001e044 f   sf_runtime:sf_runtime.dll
 0001:0001d04a       sf_mex_getfield            000000018001e04a f   sf_runtime:sf_runtime.dll
 0001:0001d050       sf_mex_addfield            000000018001e050 f   sf_runtime:sf_runtime.dll
 0001:0001d056       sf_mex_check_struct        000000018001e056 f   sf_runtime:sf_runtime.dll
 0001:0001d05c       sf_mex_check_bus_parameter 000000018001e05c f   sf_runtime:sf_runtime.dll
 0001:0001d062       sf_mex_check_cell          000000018001e062 f   sf_runtime:sf_runtime.dll
 0001:0001d068       sf_mex_createstruct        000000018001e068 f   sf_runtime:sf_runtime.dll
 0001:0001d06e       sf_mex_create              000000018001e06e f   sf_runtime:sf_runtime.dll
 0001:0001d074       sf_mex_createcellarray     000000018001e074 f   sf_runtime:sf_runtime.dll
 0001:0001d07a       sf_mex_createcellmatrix    000000018001e07a f   sf_runtime:sf_runtime.dll
 0001:0001d080       sf_mex_setcell             000000018001e080 f   sf_runtime:sf_runtime.dll
 0001:0001d086       sf_mex_getcell             000000018001e086 f   sf_runtime:sf_runtime.dll
 0001:0001d08c       sf_mex_assign              000000018001e08c f   sf_runtime:sf_runtime.dll
 0001:0001d092       sf_mex_dup                 000000018001e092 f   sf_runtime:sf_runtime.dll
 0001:0001d098       sf_mex_destroy             000000018001e098 f   sf_runtime:sf_runtime.dll
 0001:0001d09e       sf_mex_import              000000018001e09e f   sf_runtime:sf_runtime.dll
 0001:0001d0a4       sf_mex_import_named        000000018001e0a4 f   sf_runtime:sf_runtime.dll
 0001:0001d0aa       sf_mex_decode_encoded_mx_struct_array 000000018001e0aa f   sf_runtime:sf_runtime.dll
 0001:0001d0b0       ssGetInputPortSignal_wrapper 000000018001e0b0 f   sf_runtime:sf_runtime.dll
 0001:0001d0b6       ssGetOutputPortSignal_wrapper 000000018001e0b6 f   sf_runtime:sf_runtime.dll
 0001:0001d0bc       sf_eml_array_bounds_check  000000018001e0bc f   sf_runtime:sf_runtime.dll
 0001:0001d0c2       sf_integer_check           000000018001e0c2 f   sf_runtime:sf_runtime.dll
 0001:0001d0c8       sf_debug_initialize_chart  000000018001e0c8 f   sf_runtime:sf_runtime.dll
 0001:0001d0ce       sf_debug_call              000000018001e0ce f   sf_runtime:sf_runtime.dll
 0001:0001d0d4       eml_debug_line_call        000000018001e0d4 f   sf_runtime:sf_runtime.dll
 0001:0001d0da       cv_eml_eval                000000018001e0da f   sf_runtime:sf_runtime.dll
 0001:0001d0e0       cv_eml_init_script         000000018001e0e0 f   sf_runtime:sf_runtime.dll
 0001:0001d0e6       cv_eml_init_fcn            000000018001e0e6 f   sf_runtime:sf_runtime.dll
 0001:0001d0ec       cv_eml_init_if             000000018001e0ec f   sf_runtime:sf_runtime.dll
 0001:0001d0f2       cv_eml_init_switch         000000018001e0f2 f   sf_runtime:sf_runtime.dll
 0001:0001d0f8       sf_debug_reset_current_state_configuration 000000018001e0f8 f   sf_runtime:sf_runtime.dll
 0001:0001d0fe       sf_debug_set_chart_data_props 000000018001e0fe f   sf_runtime:sf_runtime.dll
 0001:0001d104       sf_debug_set_chart_data_compiled_props 000000018001e104 f   sf_runtime:sf_runtime.dll
 0001:0001d10a       sf_debug_symbol_scope_push 000000018001e10a f   sf_runtime:sf_runtime.dll
 0001:0001d110       sf_debug_symbol_scope_push_eml 000000018001e110 f   sf_runtime:sf_runtime.dll
 0001:0001d116       sf_debug_symbol_scope_pop  000000018001e116 f   sf_runtime:sf_runtime.dll
 0001:0001d11c       sf_debug_symbol_scope_add_eml 000000018001e11c f   sf_runtime:sf_runtime.dll
 0001:0001d122       sf_debug_symbol_scope_add_eml_importable 000000018001e122 f   sf_runtime:sf_runtime.dll
 0001:0001d128       sf_debug_symbol_switch     000000018001e128 f   sf_runtime:sf_runtime.dll
 0001:0001d12e       sf_debug_set_instance_data_value_ptr 000000018001e12e f   sf_runtime:sf_runtime.dll
 0001:0001d134       sf_debug_set_chart_disable_implicit_casting 000000018001e134 f   sf_runtime:sf_runtime.dll
 0001:0001d13a       sf_debug_set_chart_event_thresholds 000000018001e13a f   sf_runtime:sf_runtime.dll
 0001:0001d140       sf_debug_set_chart_state_info 000000018001e140 f   sf_runtime:sf_runtime.dll
 0001:0001d146       sf_debug_set_chart_decomposition 000000018001e146 f   sf_runtime:sf_runtime.dll
 0001:0001d14c       sf_debug_set_chart_substate_count 000000018001e14c f   sf_runtime:sf_runtime.dll
 0001:0001d152       sf_debug_data_range_wrapper 000000018001e152 f   sf_runtime:sf_runtime.dll
 0001:0001d158       sf_debug_cv_init_trans     000000018001e158 f   sf_runtime:sf_runtime.dll
 0001:0001d15e       sf_debug_cv_init_chart     000000018001e15e f   sf_runtime:sf_runtime.dll
 0001:0001d164       sf_debug_cv_init_state     000000018001e164 f   sf_runtime:sf_runtime.dll
 0001:0001d16a       mxIsChar_800               000000018001e16a f   libmx:libmx.dll
 0001:0001d170       mxGetScalar_800            000000018001e170 f   libmx:libmx.dll
 0001:0001d176       mxGetPr_800                000000018001e176 f   libmx:libmx.dll
 0001:0001d17c       mxDestroyArray_800         000000018001e17c f   libmx:libmx.dll
 0001:0001d182       mxCreateDoubleMatrix_800   000000018001e182 f   libmx:libmx.dll
 0001:0001d188       mxGetString_800            000000018001e188 f   libmx:libmx.dll
 0001:0001d18e       mxCalloc_800               000000018001e18e f   libmx:libmx.dll
 0001:0001d194       mxGetM_800                 000000018001e194 f   libmx:libmx.dll
 0001:0001d19a       mxGetClassID_800           000000018001e19a f   libmx:libmx.dll
 0001:0001d1a0       mxIsNumeric_800            000000018001e1a0 f   libmx:libmx.dll
 0001:0001d1a6       mxIsComplex_800            000000018001e1a6 f   libmx:libmx.dll
 0001:0001d1ac       mxGetN_800                 000000018001e1ac f   libmx:libmx.dll
 0001:0001d1b2       mxCreateDoubleScalar_800   000000018001e1b2 f   libmx:libmx.dll
 0001:0001d1b8       mxCreateString_800         000000018001e1b8 f   libmx:libmx.dll
 0001:0001d1be       mxDuplicateArray_800       000000018001e1be f   libmx:libmx.dll
 0001:0001d1c4       mxSetCell_800              000000018001e1c4 f   libmx:libmx.dll
 0001:0001d1ca       mxSetField_800             000000018001e1ca f   libmx:libmx.dll
 0001:0001d1d0       mxCreateCellMatrix_800     000000018001e1d0 f   libmx:libmx.dll
 0001:0001d1d6       mxCreateCellArray_800      000000018001e1d6 f   libmx:libmx.dll
 0001:0001d1dc       mxCreateStructMatrix_800   000000018001e1dc f   libmx:libmx.dll
 0001:0001d1e2       mxCreateStructArray_800    000000018001e1e2 f   libmx:libmx.dll
 0001:0001d1e8       mexMakeArrayPersistent_800 000000018001e1e8 f   libmex:libmex.dll
 0001:0001d1ee       mexErrMsgTxt_800           000000018001e1ee f   libmex:libmex.dll
 0001:0001d1f4       mexWarnMsgTxt_800          000000018001e1f4 f   libmex:libmex.dll
 0001:0001d1fa       mexCallMATLAB_800          000000018001e1fa f   libmex:libmex.dll
 0001:0001d200       mexLock_800                000000018001e200 f   libmex:libmex.dll
 0001:0001d206       mexUnlock_800              000000018001e206 f   libmex:libmex.dll
 0001:0001d20c       mexIsLocked_800            000000018001e20c f   libmex:libmex.dll
 0001:0001d212       utMalloc                   000000018001e212 f   libut:libut.dll
 0001:0001d218       utFree                     000000018001e218 f   libut:libut.dll
 0001:0001d21e       muDoubleScalarSqrt         000000018001e21e f   libmwmathutil:libmwmathutil.dll
 0001:0001d224       slcsInvokeSimulinkFunction 000000018001e224 f   libmwsl_simtarget_core:libmwsl_simtarget_core.dll
 0001:0001d22c       __raise_securityfailure    000000018001e22c f   MSVCRT:gs_report.obj
 0001:0001d260       __report_gsfailure         000000018001e260 f   MSVCRT:gs_report.obj
 0001:0001d334       __report_rangecheckfailure 000000018001e334 f   MSVCRT:gs_report.obj
 0001:0001d348       __report_securityfailure   000000018001e348 f   MSVCRT:gs_report.obj
 0001:0001d3e4       __report_securityfailureEx 000000018001e3e4 f   MSVCRT:gs_report.obj
 0001:0001d5d8       __GSHandlerCheck           000000018001e5d8 f   MSVCRT:_gshandler_.obj
 0001:0001d5f8       __GSHandlerCheckCommon     000000018001e5f8 f   MSVCRT:_gshandler_.obj
 0001:0001d670       __security_check_cookie    000000018001e670 f   MSVCRT:_amdsecgs_.obj
 0001:0001d6b0       __chkstk                   000000018001e6b0 f   MSVCRT:_chkstk_.obj
 0001:0001d6b0       _alloca_probe              000000018001e6b0 f   MSVCRT:_chkstk_.obj
 0001:0001da9c       _CRT_INIT                  000000018001ea9c f   MSVCRT:dll_dllmain.obj
 0001:0001daa4       _DllMainCRTStartup         000000018001eaa4 f   MSVCRT:dll_dllmain.obj
 0001:0001db50       __security_init_cookie     000000018001eb50 f   MSVCRT:gs_support.obj
 0001:0001dc00       DllMain                    000000018001ec00 f   MSVCRT:dll_dllmain_stub.obj
 0001:0001dc24       ?__scrt_initialize_type_info@@YAXXZ 000000018001ec24 f   MSVCRT:tncleanup.obj
 0001:0001dc34       ?__scrt_uninitialize_type_info@@YAXXZ 000000018001ec34 f   MSVCRT:tncleanup.obj
 0001:0001dc40       __local_stdio_scanf_options 000000018001ec40 f i MSVCRT:default_local_stdio_options.obj
 0001:0001dc48       __scrt_initialize_default_local_stdio_options 000000018001ec48 f   MSVCRT:default_local_stdio_options.obj
 0001:0001dc64       ??$__crt_fast_decode_pointer@PEAP6AXXZ@@YAPEAP6AXXZQEAP6AXXZ@Z 000000018001ec64 f i MSVCRT:utility.obj
 0001:0001dc7c       ??$__crt_fast_encode_pointer@PEAP6AXXZ@@YAPEAP6AXXZQEAP6AXXZ@Z 000000018001ec7c f i MSVCRT:utility.obj
 0001:0001dc9c       ?__crt_rotate_pointer_value@@YA_K_KH@Z 000000018001ec9c f i MSVCRT:utility.obj
 0001:0001dca8       ?configure_argv@__scrt_narrow_argv_policy@@SAHXZ 000000018001eca8 f i MSVCRT:utility.obj
 0001:0001dd08       ?initialize_environment@__scrt_narrow_environment_policy@@SAHXZ 000000018001ed08 f i MSVCRT:utility.obj
 0001:0001dd40       NtCurrentTeb               000000018001ed40 f i MSVCRT:utility.obj
 0001:0001dd4c       __scrt_acquire_startup_lock 000000018001ed4c f   MSVCRT:utility.obj
 0001:0001dd88       __scrt_dllmain_after_initialize_c 000000018001ed88 f   MSVCRT:utility.obj
 0001:0001ddbc       __scrt_dllmain_before_initialize_c 000000018001edbc f   MSVCRT:utility.obj
 0001:0001ddd4       __scrt_dllmain_crt_thread_attach 000000018001edd4 f   MSVCRT:utility.obj
 0001:0001ddfc       __scrt_dllmain_crt_thread_detach 000000018001edfc f   MSVCRT:utility.obj
 0001:0001de14       __scrt_dllmain_exception_filter 000000018001ee14 f   MSVCRT:utility.obj
 0001:0001de78       __scrt_dllmain_uninitialize_c 000000018001ee78 f   MSVCRT:utility.obj
 0001:0001dea8       __scrt_dllmain_uninitialize_critical 000000018001eea8 f   MSVCRT:utility.obj
 0001:0001debc       __scrt_initialize_crt      000000018001eebc f   MSVCRT:utility.obj
 0001:0001df08       __scrt_initialize_onexit_tables 000000018001ef08 f   MSVCRT:utility.obj
 0001:0001dfe8       __scrt_is_nonwritable_in_current_image 000000018001efe8 f   MSVCRT:utility.obj
 0001:0001e084       __scrt_release_startup_lock 000000018001f084 f   MSVCRT:utility.obj
 0001:0001e0a8       __scrt_uninitialize_crt    000000018001f0a8 f   MSVCRT:utility.obj
 0001:0001e0d4       _onexit                    000000018001f0d4 f   MSVCRT:utility.obj
 0001:0001e124       at_quick_exit              000000018001f124 f   MSVCRT:utility.obj
 0001:0001e15c       atexit                     000000018001f15c f   MSVCRT:utility.obj
 0001:0001e174       __scrt_get_dyn_tls_init_callback 000000018001f174 f   MSVCRT:dyn_tls_init.obj
 0001:0001e17c       __crt_debugger_hook        000000018001f17c f   MSVCRT:utility_desktop.obj
 0001:0001e184       __scrt_fastfail            000000018001f184 f   MSVCRT:utility_desktop.obj
 0001:0001e2d0       __scrt_get_show_window_mode 000000018001f2d0 f   MSVCRT:utility_desktop.obj
 0001:0001e30c       __scrt_initialize_winrt    000000018001f30c f   MSVCRT:utility_desktop.obj
 0001:0001e310       __scrt_is_managed_app      000000018001f310 f   MSVCRT:utility_desktop.obj
 0001:0001e364       __scrt_set_unhandled_exception_filter 000000018001f364 f   MSVCRT:utility_desktop.obj
 0001:0001e374       __scrt_unhandled_exception_filter 000000018001f374 f   MSVCRT:utility_desktop.obj
 0001:0001e3ac       _RTC_Initialize            000000018001f3ac f   MSVCRT:_initsect_.obj
 0001:0001e3f8       _RTC_Terminate             000000018001f3f8 f   MSVCRT:_initsect_.obj
 0001:0001e444       _guard_check_icall         000000018001f444 f i MSVCRT:checkcfg.obj
 0001:0001e44c       __isa_available_init       000000018001f44c f   MSVCRT:_cpu_disp_.obj
 0001:0001e608       _get_startup_argv_mode     000000018001f608 f   MSVCRT:argv_mode.obj
 0001:0001e610       __scrt_is_ucrt_dll_in_use  000000018001f610 f   MSVCRT:ucrt_detection.obj
 0001:0001e61c       _guard_check_icall_nop     000000018001f61c f i MSVCRT:guard_support.obj
 0001:0001e620       ReadNoFence64              000000018001f620 f i MSVCRT:guard_support.obj
 0001:0001e624       ReadPointerNoFence         000000018001f624 f i MSVCRT:guard_support.obj
 0001:0001e628       __guard_ss_common_verify_stub 000000018001f628 f i MSVCRT:guard_support.obj
 0001:0001e62c       _guard_icall_checks_enforced 000000018001f62c f i MSVCRT:guard_support.obj
 0001:0001e644       _guard_rf_checks_enforced  000000018001f644 f i MSVCRT:guard_support.obj
 0001:0001e660       RtlCaptureContext          000000018001f660 f   kernel32:KERNEL32.dll
 0001:0001e666       RtlLookupFunctionEntry     000000018001f666 f   kernel32:KERNEL32.dll
 0001:0001e66c       RtlVirtualUnwind           000000018001f66c f   kernel32:KERNEL32.dll
 0001:0001e672       UnhandledExceptionFilter   000000018001f672 f   kernel32:KERNEL32.dll
 0001:0001e678       SetUnhandledExceptionFilter 000000018001f678 f   kernel32:KERNEL32.dll
 0001:0001e67e       GetCurrentProcess          000000018001f67e f   kernel32:KERNEL32.dll
 0001:0001e684       TerminateProcess           000000018001f684 f   kernel32:KERNEL32.dll
 0001:0001e68a       IsProcessorFeaturePresent  000000018001f68a f   kernel32:KERNEL32.dll
 0001:0001e690       QueryPerformanceCounter    000000018001f690 f   kernel32:KERNEL32.dll
 0001:0001e696       GetCurrentProcessId        000000018001f696 f   kernel32:KERNEL32.dll
 0001:0001e69c       GetCurrentThreadId         000000018001f69c f   kernel32:KERNEL32.dll
 0001:0001e6a2       GetSystemTimeAsFileTime    000000018001f6a2 f   kernel32:KERNEL32.dll
 0001:0001e6a8       DisableThreadLibraryCalls  000000018001f6a8 f   kernel32:KERNEL32.dll
 0001:0001e6ae       InitializeSListHead        000000018001f6ae f   kernel32:KERNEL32.dll
 0001:0001e6b4       IsDebuggerPresent          000000018001f6b4 f   kernel32:KERNEL32.dll
 0001:0001e6ba       GetStartupInfoW            000000018001f6ba f   kernel32:KERNEL32.dll
 0001:0001e6c0       GetModuleHandleW           000000018001f6c0 f   kernel32:KERNEL32.dll
 0001:0001e6c6       memcpy                     000000018001f6c6 f   vcruntime:VCRUNTIME140.dll
 0001:0001e6cc       memset                     000000018001f6cc f   vcruntime:VCRUNTIME140.dll
 0001:0001e6d2       __C_specific_handler       000000018001f6d2 f   vcruntime:VCRUNTIME140.dll
 0001:0001e6d8       __std_type_info_destroy_list 000000018001f6d8 f   vcruntime:VCRUNTIME140.dll
 0001:0001e6de       strcmp                     000000018001f6de f   ucrt:api-ms-win-crt-string-l1-1-0.dll
 0001:0001e6e4       __stdio_common_vsprintf    000000018001f6e4 f   ucrt:api-ms-win-crt-stdio-l1-1-0.dll
 0001:0001e6ea       free                       000000018001f6ea f   ucrt:api-ms-win-crt-heap-l1-1-0.dll
 0001:0001e6f0       malloc                     000000018001f6f0 f   ucrt:api-ms-win-crt-heap-l1-1-0.dll
 0001:0001e6f6       strlen                     000000018001f6f6 f   ucrt:api-ms-win-crt-string-l1-1-0.dll
 0001:0001e6fc       _initterm                  000000018001f6fc f   ucrt:api-ms-win-crt-runtime-l1-1-0.dll
 0001:0001e702       _initterm_e                000000018001f702 f   ucrt:api-ms-win-crt-runtime-l1-1-0.dll
 0001:0001e708       _seh_filter_dll            000000018001f708 f   ucrt:api-ms-win-crt-runtime-l1-1-0.dll
 0001:0001e70e       _configure_narrow_argv     000000018001f70e f   ucrt:api-ms-win-crt-runtime-l1-1-0.dll
 0001:0001e714       _initialize_narrow_environment 000000018001f714 f   ucrt:api-ms-win-crt-runtime-l1-1-0.dll
 0001:0001e71a       _initialize_onexit_table   000000018001f71a f   ucrt:api-ms-win-crt-runtime-l1-1-0.dll
 0001:0001e720       _register_onexit_function  000000018001f720 f   ucrt:api-ms-win-crt-runtime-l1-1-0.dll
 0001:0001e726       _execute_onexit_table      000000018001f726 f   ucrt:api-ms-win-crt-runtime-l1-1-0.dll
 0001:0001e72c       _crt_atexit                000000018001f72c f   ucrt:api-ms-win-crt-runtime-l1-1-0.dll
 0001:0001e732       _crt_at_quick_exit         000000018001f732 f   ucrt:api-ms-win-crt-runtime-l1-1-0.dll
 0001:0001e738       _cexit                     000000018001f738 f   ucrt:api-ms-win-crt-runtime-l1-1-0.dll
 0001:0001e73e       terminate                  000000018001f73e f   ucrt:api-ms-win-crt-runtime-l1-1-0.dll
 0001:0001e744       __scrt_stub_for_acrt_initialize 000000018001f744 f   MSVCRT:ucrt_stubs.obj
 0001:0001e744       __acrt_initialize          000000018001f744 f   MSVCRT:ucrt_stubs.obj
 0001:0001e744       __vcrt_initialize          000000018001f744 f   MSVCRT:ucrt_stubs.obj
 0001:0001e748       __scrt_stub_for_acrt_thread_attach 000000018001f748 f   MSVCRT:ucrt_stubs.obj
 0001:0001e748       __vcrt_thread_attach       000000018001f748 f   MSVCRT:ucrt_stubs.obj
 0001:0001e748       __acrt_thread_attach       000000018001f748 f   MSVCRT:ucrt_stubs.obj
 0001:0001e74c       __acrt_thread_detach       000000018001f74c f   MSVCRT:ucrt_stubs.obj
 0001:0001e74c       __vcrt_thread_detach       000000018001f74c f   MSVCRT:ucrt_stubs.obj
 0001:0001e74c       __scrt_stub_for_acrt_thread_detach 000000018001f74c f   MSVCRT:ucrt_stubs.obj
 0001:0001e750       __vcrt_uninitialize        000000018001f750 f   MSVCRT:ucrt_stubs.obj
 0001:0001e750       __scrt_stub_for_acrt_uninitialize 000000018001f750 f   MSVCRT:ucrt_stubs.obj
 0001:0001e750       __acrt_uninitialize        000000018001f750 f   MSVCRT:ucrt_stubs.obj
 0001:0001e754       __acrt_uninitialize_critical 000000018001f754 f   MSVCRT:ucrt_stubs.obj
 0001:0001e754       __vcrt_uninitialize_critical 000000018001f754 f   MSVCRT:ucrt_stubs.obj
 0001:0001e754       __scrt_stub_for_acrt_uninitialize_critical 000000018001f754 f   MSVCRT:ucrt_stubs.obj
 0001:0001e758       _is_c_termination_complete 000000018001f758 f   MSVCRT:ucrt_stubs.obj
 0001:0001e758       __scrt_stub_for_is_c_termination_complete 000000018001f758 f   MSVCRT:ucrt_stubs.obj
 0001:0001e770       _guard_dispatch_icall_nop  000000018001f770 f   MSVCRT:_guard_dispatch_.obj
 0001:0001e790       __guard_ss_verify_failure  000000018001f790 f   MSVCRT:_rfgfailure_.obj
 0001:0001e79b       __guard_ss_verify_failure_rcx 000000018001f79b     MSVCRT:_rfgfailure_.obj
 0001:0001e7a1       __guard_ss_verify_failure_rdx 000000018001f7a1     MSVCRT:_rfgfailure_.obj
 0001:0001e7a7       __guard_ss_verify_failure_r8 000000018001f7a7     MSVCRT:_rfgfailure_.obj
 0001:0001e7ad       __guard_ss_verify_failure_r9 000000018001f7ad     MSVCRT:_rfgfailure_.obj
 0001:0001e7b3       __guard_ss_verify_failure_r10 000000018001f7b3     MSVCRT:_rfgfailure_.obj
 0001:0001e7c0       __guard_ss_verify_failure_default 000000018001f7c0 f   MSVCRT:_rfgfailure_.obj
 0001:0001e820       __guard_ss_verify_sp       000000018001f820 f   MSVCRT:_rfgfailure_.obj
 0001:0001e830       __guard_ss_verify_sp_default 000000018001f830 f   MSVCRT:_rfgfailure_.obj
 0002:00000000       __imp_UnhandledExceptionFilter 0000000180020000     kernel32:KERNEL32.dll
 0002:00000008       __imp_TerminateProcess     0000000180020008     kernel32:KERNEL32.dll
 0002:00000010       __imp_RtlCaptureContext    0000000180020010     kernel32:KERNEL32.dll
 0002:00000018       __imp_RtlLookupFunctionEntry 0000000180020018     kernel32:KERNEL32.dll
 0002:00000020       __imp_IsProcessorFeaturePresent 0000000180020020     kernel32:KERNEL32.dll
 0002:00000028       __imp_QueryPerformanceCounter 0000000180020028     kernel32:KERNEL32.dll
 0002:00000030       __imp_GetCurrentProcessId  0000000180020030     kernel32:KERNEL32.dll
 0002:00000038       __imp_GetCurrentThreadId   0000000180020038     kernel32:KERNEL32.dll
 0002:00000040       __imp_GetSystemTimeAsFileTime 0000000180020040     kernel32:KERNEL32.dll
 0002:00000048       __imp_DisableThreadLibraryCalls 0000000180020048     kernel32:KERNEL32.dll
 0002:00000050       __imp_InitializeSListHead  0000000180020050     kernel32:KERNEL32.dll
 0002:00000058       __imp_IsDebuggerPresent    0000000180020058     kernel32:KERNEL32.dll
 0002:00000060       __imp_GetStartupInfoW      0000000180020060     kernel32:KERNEL32.dll
 0002:00000068       __imp_GetModuleHandleW     0000000180020068     kernel32:KERNEL32.dll
 0002:00000070       __imp_SetUnhandledExceptionFilter 0000000180020070     kernel32:KERNEL32.dll
 0002:00000078       __imp_GetCurrentProcess    0000000180020078     kernel32:KERNEL32.dll
 0002:00000080       __imp_RtlVirtualUnwind     0000000180020080     kernel32:KERNEL32.dll
 0002:00000088       \177KERNEL32_NULL_THUNK_DATA 0000000180020088     kernel32:KERNEL32.dll
 0002:00000090       __imp___C_specific_handler 0000000180020090     vcruntime:VCRUNTIME140.dll
 0002:00000098       __imp_memcpy               0000000180020098     vcruntime:VCRUNTIME140.dll
 0002:000000a0       __imp___std_type_info_destroy_list 00000001800200a0     vcruntime:VCRUNTIME140.dll
 0002:000000a8       __imp_memset               00000001800200a8     vcruntime:VCRUNTIME140.dll
 0002:000000b0       \177VCRUNTIME140_NULL_THUNK_DATA 00000001800200b0     vcruntime:VCRUNTIME140.dll
 0002:000000b8       __imp_malloc               00000001800200b8     ucrt:api-ms-win-crt-heap-l1-1-0.dll
 0002:000000c0       __imp_free                 00000001800200c0     ucrt:api-ms-win-crt-heap-l1-1-0.dll
 0002:000000c8       \177api-ms-win-crt-heap-l1-1-0_NULL_THUNK_DATA 00000001800200c8     ucrt:api-ms-win-crt-heap-l1-1-0.dll
 0002:000000d0       __imp__initterm_e          00000001800200d0     ucrt:api-ms-win-crt-runtime-l1-1-0.dll
 0002:000000d8       __imp__seh_filter_dll      00000001800200d8     ucrt:api-ms-win-crt-runtime-l1-1-0.dll
 0002:000000e0       __imp__initterm            00000001800200e0     ucrt:api-ms-win-crt-runtime-l1-1-0.dll
 0002:000000e8       __imp__initialize_narrow_environment 00000001800200e8     ucrt:api-ms-win-crt-runtime-l1-1-0.dll
 0002:000000f0       __imp__initialize_onexit_table 00000001800200f0     ucrt:api-ms-win-crt-runtime-l1-1-0.dll
 0002:000000f8       __imp__register_onexit_function 00000001800200f8     ucrt:api-ms-win-crt-runtime-l1-1-0.dll
 0002:00000100       __imp__execute_onexit_table 0000000180020100     ucrt:api-ms-win-crt-runtime-l1-1-0.dll
 0002:00000108       __imp__crt_atexit          0000000180020108     ucrt:api-ms-win-crt-runtime-l1-1-0.dll
 0002:00000110       __imp__crt_at_quick_exit   0000000180020110     ucrt:api-ms-win-crt-runtime-l1-1-0.dll
 0002:00000118       __imp__cexit               0000000180020118     ucrt:api-ms-win-crt-runtime-l1-1-0.dll
 0002:00000120       __imp_terminate            0000000180020120     ucrt:api-ms-win-crt-runtime-l1-1-0.dll
 0002:00000128       __imp__configure_narrow_argv 0000000180020128     ucrt:api-ms-win-crt-runtime-l1-1-0.dll
 0002:00000130       \177api-ms-win-crt-runtime-l1-1-0_NULL_THUNK_DATA 0000000180020130     ucrt:api-ms-win-crt-runtime-l1-1-0.dll
 0002:00000138       __imp___stdio_common_vsprintf 0000000180020138     ucrt:api-ms-win-crt-stdio-l1-1-0.dll
 0002:00000140       \177api-ms-win-crt-stdio-l1-1-0_NULL_THUNK_DATA 0000000180020140     ucrt:api-ms-win-crt-stdio-l1-1-0.dll
 0002:00000148       __imp_strlen               0000000180020148     ucrt:api-ms-win-crt-string-l1-1-0.dll
 0002:00000150       __imp_strcmp               0000000180020150     ucrt:api-ms-win-crt-string-l1-1-0.dll
 0002:00000158       \177api-ms-win-crt-string-l1-1-0_NULL_THUNK_DATA 0000000180020158     ucrt:api-ms-win-crt-string-l1-1-0.dll
 0002:00000160       __imp_mexErrMsgTxt_800     0000000180020160     libmex:libmex.dll
 0002:00000168       __imp_mexIsLocked_800      0000000180020168     libmex:libmex.dll
 0002:00000170       __imp_mexUnlock_800        0000000180020170     libmex:libmex.dll
 0002:00000178       __imp_mexLock_800          0000000180020178     libmex:libmex.dll
 0002:00000180       __imp_mexCallMATLAB_800    0000000180020180     libmex:libmex.dll
 0002:00000188       __imp_mexWarnMsgTxt_800    0000000180020188     libmex:libmex.dll
 0002:00000190       __imp_mexMakeArrayPersistent_800 0000000180020190     libmex:libmex.dll
 0002:00000198       \177libmex_NULL_THUNK_DATA 0000000180020198     libmex:libmex.dll
 0002:000001a0       __imp_dgemv                00000001800201a0     libmwblas:libmwblas.dll
 0002:000001a8       \177libmwblas_NULL_THUNK_DATA 00000001800201a8     libmwblas:libmwblas.dll
 0002:000001b0       __imp_muDoubleScalarSqrt   00000001800201b0     libmwmathutil:libmwmathutil.dll
 0002:000001b8       \177libmwmathutil_NULL_THUNK_DATA 00000001800201b8     libmwmathutil:libmwmathutil.dll
 0002:000001c0       __imp_slcsInvokeSimulinkFunction 00000001800201c0     libmwsl_simtarget_core:libmwsl_simtarget_core.dll
 0002:000001c8       \177libmwsl_simtarget_core_NULL_THUNK_DATA 00000001800201c8     libmwsl_simtarget_core:libmwsl_simtarget_core.dll
 0002:000001d0       __imp_mxCreateStructMatrix_800 00000001800201d0     libmx:libmx.dll
 0002:000001d8       __imp_mxCreateCellArray_800 00000001800201d8     libmx:libmx.dll
 0002:000001e0       __imp_mxCreateCellMatrix_800 00000001800201e0     libmx:libmx.dll
 0002:000001e8       __imp_mxSetField_800       00000001800201e8     libmx:libmx.dll
 0002:000001f0       __imp_mxSetCell_800        00000001800201f0     libmx:libmx.dll
 0002:000001f8       __imp_mxDuplicateArray_800 00000001800201f8     libmx:libmx.dll
 0002:00000200       __imp_mxCreateString_800   0000000180020200     libmx:libmx.dll
 0002:00000208       __imp_mxCreateDoubleScalar_800 0000000180020208     libmx:libmx.dll
 0002:00000210       __imp_mxCreateStructArray_800 0000000180020210     libmx:libmx.dll
 0002:00000218       __imp_mxIsComplex_800      0000000180020218     libmx:libmx.dll
 0002:00000220       __imp_mxIsNumeric_800      0000000180020220     libmx:libmx.dll
 0002:00000228       __imp_mxGetClassID_800     0000000180020228     libmx:libmx.dll
 0002:00000230       __imp_mxGetM_800           0000000180020230     libmx:libmx.dll
 0002:00000238       __imp_mxCalloc_800         0000000180020238     libmx:libmx.dll
 0002:00000240       __imp_mxGetString_800      0000000180020240     libmx:libmx.dll
 0002:00000248       __imp_mxCreateDoubleMatrix_800 0000000180020248     libmx:libmx.dll
 0002:00000250       __imp_mxDestroyArray_800   0000000180020250     libmx:libmx.dll
 0002:00000258       __imp_mxGetPr_800          0000000180020258     libmx:libmx.dll
 0002:00000260       __imp_mxGetScalar_800      0000000180020260     libmx:libmx.dll
 0002:00000268       __imp_mxIsChar_800         0000000180020268     libmx:libmx.dll
 0002:00000270       __imp_mxGetN_800           0000000180020270     libmx:libmx.dll
 0002:00000278       \177libmx_NULL_THUNK_DATA  0000000180020278     libmx:libmx.dll
 0002:00000280       __imp_utMalloc             0000000180020280     libut:libut.dll
 0002:00000288       __imp_utFree               0000000180020288     libut:libut.dll
 0002:00000290       \177libut_NULL_THUNK_DATA  0000000180020290     libut:libut.dll
 0002:00000298       __imp_sf_debug_data_range_wrapper 0000000180020298     sf_runtime:sf_runtime.dll
 0002:000002a0       __imp_sf_mex_destroy       00000001800202a0     sf_runtime:sf_runtime.dll
 0002:000002a8       __imp_sf_debug_cv_init_chart 00000001800202a8     sf_runtime:sf_runtime.dll
 0002:000002b0       __imp_sf_debug_cv_init_state 00000001800202b0     sf_runtime:sf_runtime.dll
 0002:000002b8       __imp_sf_debug_set_chart_disable_implicit_casting 00000001800202b8     sf_runtime:sf_runtime.dll
 0002:000002c0       __imp_sf_debug_set_instance_data_value_ptr 00000001800202c0     sf_runtime:sf_runtime.dll
 0002:000002c8       __imp_sf_debug_symbol_switch 00000001800202c8     sf_runtime:sf_runtime.dll
 0002:000002d0       __imp_sf_debug_symbol_scope_add_eml_importable 00000001800202d0     sf_runtime:sf_runtime.dll
 0002:000002d8       __imp_sf_debug_symbol_scope_add_eml 00000001800202d8     sf_runtime:sf_runtime.dll
 0002:000002e0       __imp_sf_debug_symbol_scope_pop 00000001800202e0     sf_runtime:sf_runtime.dll
 0002:000002e8       __imp_sf_debug_symbol_scope_push_eml 00000001800202e8     sf_runtime:sf_runtime.dll
 0002:000002f0       __imp_sf_debug_symbol_scope_push 00000001800202f0     sf_runtime:sf_runtime.dll
 0002:000002f8       __imp_sf_debug_set_chart_data_compiled_props 00000001800202f8     sf_runtime:sf_runtime.dll
 0002:00000300       __imp_sf_debug_set_chart_data_props 0000000180020300     sf_runtime:sf_runtime.dll
 0002:00000308       __imp_sf_debug_reset_current_state_configuration 0000000180020308     sf_runtime:sf_runtime.dll
 0002:00000310       __imp_cv_eml_init_switch   0000000180020310     sf_runtime:sf_runtime.dll
 0002:00000318       __imp_sf_debug_set_chart_substate_count 0000000180020318     sf_runtime:sf_runtime.dll
 0002:00000320       __imp_cv_eml_init_fcn      0000000180020320     sf_runtime:sf_runtime.dll
 0002:00000328       __imp_cv_eml_init_script   0000000180020328     sf_runtime:sf_runtime.dll
 0002:00000330       __imp_cv_eml_eval          0000000180020330     sf_runtime:sf_runtime.dll
 0002:00000338       __imp_eml_debug_line_call  0000000180020338     sf_runtime:sf_runtime.dll
 0002:00000340       __imp_sf_debug_call        0000000180020340     sf_runtime:sf_runtime.dll
 0002:00000348       __imp_sf_debug_initialize_chart 0000000180020348     sf_runtime:sf_runtime.dll
 0002:00000350       __imp_sf_integer_check     0000000180020350     sf_runtime:sf_runtime.dll
 0002:00000358       __imp_sf_eml_array_bounds_check 0000000180020358     sf_runtime:sf_runtime.dll
 0002:00000360       __imp_ssGetOutputPortSignal_wrapper 0000000180020360     sf_runtime:sf_runtime.dll
 0002:00000368       __imp_sf_debug_set_chart_decomposition 0000000180020368     sf_runtime:sf_runtime.dll
 0002:00000370       __imp_sf_mex_dup           0000000180020370     sf_runtime:sf_runtime.dll
 0002:00000378       __imp_sf_mex_assign        0000000180020378     sf_runtime:sf_runtime.dll
 0002:00000380       __imp_sf_mex_getcell       0000000180020380     sf_runtime:sf_runtime.dll
 0002:00000388       __imp_sf_mex_setcell       0000000180020388     sf_runtime:sf_runtime.dll
 0002:00000390       __imp_sf_mex_createcellmatrix 0000000180020390     sf_runtime:sf_runtime.dll
 0002:00000398       __imp_sf_mex_createcellarray 0000000180020398     sf_runtime:sf_runtime.dll
 0002:000003a0       __imp_sf_mex_create        00000001800203a0     sf_runtime:sf_runtime.dll
 0002:000003a8       __imp_sf_mex_createstruct  00000001800203a8     sf_runtime:sf_runtime.dll
 0002:000003b0       __imp_sf_debug_set_chart_state_info 00000001800203b0     sf_runtime:sf_runtime.dll
 0002:000003b8       __imp_cv_eml_init_if       00000001800203b8     sf_runtime:sf_runtime.dll
 0002:000003c0       __imp_sf_debug_set_chart_event_thresholds 00000001800203c0     sf_runtime:sf_runtime.dll
 0002:000003c8       __imp_ssGetInputPortSignal_wrapper 00000001800203c8     sf_runtime:sf_runtime.dll
 0002:000003d0       __imp_sf_mex_decode_encoded_mx_struct_array 00000001800203d0     sf_runtime:sf_runtime.dll
 0002:000003d8       __imp_sf_mex_import_named  00000001800203d8     sf_runtime:sf_runtime.dll
 0002:000003e0       __imp_sf_mex_import        00000001800203e0     sf_runtime:sf_runtime.dll
 0002:000003e8       __imp_sf_mex_check_cell    00000001800203e8     sf_runtime:sf_runtime.dll
 0002:000003f0       __imp_sf_mex_check_bus_parameter 00000001800203f0     sf_runtime:sf_runtime.dll
 0002:000003f8       __imp_sf_mex_check_struct  00000001800203f8     sf_runtime:sf_runtime.dll
 0002:00000400       __imp_sf_mex_addfield      0000000180020400     sf_runtime:sf_runtime.dll
 0002:00000408       __imp_sf_mex_getfield      0000000180020408     sf_runtime:sf_runtime.dll
 0002:00000410       __imp_sf_mex_error_message 0000000180020410     sf_runtime:sf_runtime.dll
 0002:00000418       __imp_sf_mex_call_debug    0000000180020418     sf_runtime:sf_runtime.dll
 0002:00000420       __imp_ssSetBlockIsPurelyCombinatorial_wrapper 0000000180020420     sf_runtime:sf_runtime.dll
 0002:00000428       __imp_sf_error_out_about_continuous_sample_time_with_persistent_vars 0000000180020428     sf_runtime:sf_runtime.dll
 0002:00000430       __imp_sf_register_codegen_names_for_scoped_functions_defined_by_chart 0000000180020430     sf_runtime:sf_runtime.dll
 0002:00000438       __imp_sf_set_chart_accesses_machine_info 0000000180020438     sf_runtime:sf_runtime.dll
 0002:00000440       __imp_sf_is_first_init_cond 0000000180020440     sf_runtime:sf_runtime.dll
 0002:00000448       __imp_sf_get_time          0000000180020448     sf_runtime:sf_runtime.dll
 0002:00000450       __imp_sf_set_rtw_dwork_info 0000000180020450     sf_runtime:sf_runtime.dll
 0002:00000458       __imp_sf_clear_rtw_identifier 0000000180020458     sf_runtime:sf_runtime.dll
 0002:00000460       __imp_sf_mex_get_sfun_param 0000000180020460     sf_runtime:sf_runtime.dll
 0002:00000468       __imp_sim_mode_is_modelref_sim 0000000180020468     sf_runtime:sf_runtime.dll
 0002:00000470       __imp_sim_mode_is_external 0000000180020470     sf_runtime:sf_runtime.dll
 0002:00000478       __imp_sf_mark_chart_expressionable_inputs 0000000180020478     sf_runtime:sf_runtime.dll
 0002:00000480       __imp_sf_mark_chart_reusable_outputs 0000000180020480     sf_runtime:sf_runtime.dll
 0002:00000488       __imp_sf_is_chart_inlinable 0000000180020488     sf_runtime:sf_runtime.dll
 0002:00000490       __imp_sf_update_buildInfo  0000000180020490     sf_runtime:sf_runtime.dll
 0002:00000498       __imp_sf_rtw_info_uint_prop 0000000180020498     sf_runtime:sf_runtime.dll
 0002:000004a0       __imp_sf_get_chart_instance_ptr 00000001800204a0     sf_runtime:sf_runtime.dll
 0002:000004a8       __imp_sfrtGetEmlrtCtx      00000001800204a8     sf_runtime:sf_runtime.dll
 0002:000004b0       __imp_sf_free_ChartRunTimeInfo 00000001800204b0     sf_runtime:sf_runtime.dll
 0002:000004b8       __imp_sf_init_ChartRunTimeInfo 00000001800204b8     sf_runtime:sf_runtime.dll
 0002:000004c0       __imp_sf_debug_api         00000001800204c0     sf_runtime:sf_runtime.dll
 0002:000004c8       __imp_sf_debug_terminate   00000001800204c8     sf_runtime:sf_runtime.dll
 0002:000004d0       __imp_sf_debug_create_debug_instance_struct 00000001800204d0     sf_runtime:sf_runtime.dll
 0002:000004d8       __imp_sf_clear_error_manager_info 00000001800204d8     sf_runtime:sf_runtime.dll
 0002:000004e0       __imp_sf_mex_error_direct_call 00000001800204e0     sf_runtime:sf_runtime.dll
 0002:000004e8       __imp_getRuntimeInstanceInfoAsVoid 00000001800204e8     sf_runtime:sf_runtime.dll
 0002:000004f0       __imp_call_sf_machine_global_method_dispatcher 00000001800204f0     sf_runtime:sf_runtime.dll
 0002:000004f8       __imp_sim_mode_is_rtw_gen  00000001800204f8     sf_runtime:sf_runtime.dll
 0002:00000500       __imp_callMdlMethodAndReportError 0000000180020500     sf_runtime:sf_runtime.dll
 0002:00000508       __imp_sf_get_hasSeparateUpdateOutputs 0000000180020508     sf_runtime:sf_runtime.dll
 0002:00000510       __imp_sf_get_ChartInfoStruct_CodeGen 0000000180020510     sf_runtime:sf_runtime.dll
 0002:00000518       __imp_sf_debug_set_machine_data_thresholds 0000000180020518     sf_runtime:sf_runtime.dll
 0002:00000520       __imp_sf_debug_set_machine_event_thresholds 0000000180020520     sf_runtime:sf_runtime.dll
 0002:00000528       __imp_sf_debug_initialize_machine 0000000180020528     sf_runtime:sf_runtime.dll
 0002:00000530       __imp_sf_load_rtw_optimization_info 0000000180020530     sf_runtime:sf_runtime.dll
 0002:00000538       __imp_sf_debug_cv_init_trans 0000000180020538     sf_runtime:sf_runtime.dll
 0002:00000540       \177sf_runtime_NULL_THUNK_DATA 0000000180020540     sf_runtime:sf_runtime.dll
 0002:00000548       __guard_check_icall_fptr   0000000180020548     MSVCRT:guard_support.obj
 0002:00000550       __guard_dispatch_icall_fptr 0000000180020550     MSVCRT:guard_support.obj
 0002:00000558       __guard_ss_verify_failure_fptr 0000000180020558     MSVCRT:guard_support.obj
 0002:00000560       __guard_ss_verify_sp_fptr  0000000180020560     MSVCRT:guard_support.obj
 0002:00000568       __xc_a                     0000000180020568     MSVCRT:initializers.obj
 0002:00000570       __xc_z                     0000000180020570     MSVCRT:initializers.obj
 0002:00000578       __xi_a                     0000000180020578     MSVCRT:initializers.obj
 0002:00000580       __xi_z                     0000000180020580     MSVCRT:initializers.obj
 0002:00000588       __xp_a                     0000000180020588     MSVCRT:initializers.obj
 0002:00000590       __xp_z                     0000000180020590     MSVCRT:initializers.obj
 0002:00000598       __xt_a                     0000000180020598     MSVCRT:initializers.obj
 0002:000005a0       __xt_z                     00000001800205a0     MSVCRT:initializers.obj
 0002:000005b0       __real@41b800772a000000    00000001800205b0     Furuta_Control_sfun.obj
 0002:000005b8       __real@41c9f5814e800000    00000001800205b8     Furuta_Control_sfun.obj
 0002:000005c0       __real@41ce59bb4a000000    00000001800205c0     Furuta_Control_sfun.obj
 0002:000005c8       __real@41d50a0fe6000000    00000001800205c8     Furuta_Control_sfun.obj
 0002:000005d0       __real@41e04692b5200000    00000001800205d0     Furuta_Control_sfun.obj
 0002:000005d8       __real@41e13cd9e3200000    00000001800205d8     Furuta_Control_sfun.obj
 0002:000005e0       __real@41e726be27600000    00000001800205e0     Furuta_Control_sfun.obj
 0002:000005e8       __real@41e80736ce600000    00000001800205e8     Furuta_Control_sfun.obj
 0002:000005f0       __real@41e8da7f38800000    00000001800205f0     Furuta_Control_sfun.obj
 0002:000005f8       __real@41e9c20055400000    00000001800205f8     Furuta_Control_sfun.obj
 0002:00000600       __real@41ebf698ecc00000    0000000180020600     Furuta_Control_sfun.obj
 0002:00000608       __real@41ee3c87bbc00000    0000000180020608     Furuta_Control_sfun.obj
 0002:00000610       DYNAMIC_DIMENSION_DEF      0000000180020610     Furuta_Control_sfun_registry.obj
 0002:00000628       __real@0000000000000000    0000000180020628     Furuta_Control_sfun_registry.obj
 0002:00000630       __real@4010000000000000    0000000180020630     Furuta_Control_sfun_registry.obj
 0002:00000638       __real@41602cbca0000000    0000000180020638     Furuta_Control_sfun_registry.obj
 0002:00000640       __real@bff0000000000000    0000000180020640     Furuta_Control_sfun_registry.obj
 0002:00000648       __real@41b19b88c2000000    0000000180020648     sharedTrackingLibrary_sfun:sharedTrackingLibrary_sfun.obj
 0002:00000650       __real@41e0b794a0200000    0000000180020650     sharedTrackingLibrary_sfun:sharedTrackingLibrary_sfun.obj
 0002:00000658       __real@41e60facf7e00000    0000000180020658     sharedTrackingLibrary_sfun:sharedTrackingLibrary_sfun.obj
 0002:00000660       __real@41ed18b3eb600000    0000000180020660     sharedTrackingLibrary_sfun:sharedTrackingLibrary_sfun.obj
 0002:00000668       __real@3fd0000000000000    0000000180020668     sharedTrackingLibrary_sfun:c1_sharedTrackingLibrary.obj
 0002:00000670       __real@3ff0000000000000    0000000180020670     sharedTrackingLibrary_sfun:c1_sharedTrackingLibrary.obj
 0002:00000678       __real@3ff6a09e667f3bcd    0000000180020678     sharedTrackingLibrary_sfun:c1_sharedTrackingLibrary.obj
 0002:00000680       __real@4000000000000000    0000000180020680     sharedTrackingLibrary_sfun:c1_sharedTrackingLibrary.obj
 0002:00000688       __real@4008000000000000    0000000180020688     sharedTrackingLibrary_sfun:c1_sharedTrackingLibrary.obj
 0002:00000690       __real@4018000000000000    0000000180020690     sharedTrackingLibrary_sfun:c1_sharedTrackingLibrary.obj
 0002:00000698       __real@4024000000000000    0000000180020698     sharedTrackingLibrary_sfun:c1_sharedTrackingLibrary.obj
 0002:000006a0       __real@402a000000000000    00000001800206a0     sharedTrackingLibrary_sfun:c1_sharedTrackingLibrary.obj
 0002:000006a8       __real@41c0390b78000000    00000001800206a8     sharedTrackingLibrary_sfun:c1_sharedTrackingLibrary.obj
 0002:000006b0       __real@41d34c5b82800000    00000001800206b0     sharedTrackingLibrary_sfun:c1_sharedTrackingLibrary.obj
 0002:000006b8       __real@41e0db321b800000    00000001800206b8     sharedTrackingLibrary_sfun:c1_sharedTrackingLibrary.obj
 0002:000006c0       __real@41e789c5fba00000    00000001800206c0     sharedTrackingLibrary_sfun:c1_sharedTrackingLibrary.obj
 0002:000006d0       __xmm@80000000000000008000000000000000 00000001800206d0     sharedTrackingLibrary_sfun:c1_sharedTrackingLibrary.obj
 0002:000006e0       __real@4014000000000000    00000001800206e0     sharedTrackingLibrary_sfun:c2_sharedTrackingLibrary.obj
 0002:000006e8       __real@41dbb762dbc00000    00000001800206e8     sharedTrackingLibrary_sfun:c2_sharedTrackingLibrary.obj
 0002:000006f0       __real@41e5395fdc000000    00000001800206f0     sharedTrackingLibrary_sfun:c2_sharedTrackingLibrary.obj
 0002:000006f8       __real@41ea233598400000    00000001800206f8     sharedTrackingLibrary_sfun:c2_sharedTrackingLibrary.obj
 0002:00000700       __real@41eae8cd0a000000    0000000180020700     sharedTrackingLibrary_sfun:c2_sharedTrackingLibrary.obj
 0002:00000718       _pDefaultRawDllMain        0000000180020718     MSVCRT:dll_dllmain.obj
 0002:00000718       _pRawDllMain               0000000180020718     MSVCRT:dll_dllmain.obj
 0002:00000740       _load_config_used          0000000180020740     MSVCRT:loadcfg.obj
 0002:00000a58       __rtc_iaa                  0000000180020a58     MSVCRT:_initsect_.obj
 0002:00000a60       __rtc_izz                  0000000180020a60     MSVCRT:_initsect_.obj
 0002:00000a68       __rtc_taa                  0000000180020a68     MSVCRT:_initsect_.obj
 0002:00000a70       __rtc_tzz                  0000000180020a70     MSVCRT:_initsect_.obj
 0002:00001770       __IMPORT_DESCRIPTOR_libmwblas 0000000180021770     libmwblas:libmwblas.dll
 0002:00001784       __IMPORT_DESCRIPTOR_sf_runtime 0000000180021784     sf_runtime:sf_runtime.dll
 0002:00001798       __IMPORT_DESCRIPTOR_libmx  0000000180021798     libmx:libmx.dll
 0002:000017ac       __IMPORT_DESCRIPTOR_libmex 00000001800217ac     libmex:libmex.dll
 0002:000017c0       __IMPORT_DESCRIPTOR_libut  00000001800217c0     libut:libut.dll
 0002:000017d4       __IMPORT_DESCRIPTOR_libmwmathutil 00000001800217d4     libmwmathutil:libmwmathutil.dll
 0002:000017e8       __IMPORT_DESCRIPTOR_libmwsl_simtarget_core 00000001800217e8     libmwsl_simtarget_core:libmwsl_simtarget_core.dll
 0002:000017fc       __IMPORT_DESCRIPTOR_KERNEL32 00000001800217fc     kernel32:KERNEL32.dll
 0002:00001810       __IMPORT_DESCRIPTOR_VCRUNTIME140 0000000180021810     vcruntime:VCRUNTIME140.dll
 0002:00001824       __IMPORT_DESCRIPTOR_api-ms-win-crt-string-l1-1-0 0000000180021824     ucrt:api-ms-win-crt-string-l1-1-0.dll
 0002:00001838       __IMPORT_DESCRIPTOR_api-ms-win-crt-stdio-l1-1-0 0000000180021838     ucrt:api-ms-win-crt-stdio-l1-1-0.dll
 0002:0000184c       __IMPORT_DESCRIPTOR_api-ms-win-crt-heap-l1-1-0 000000018002184c     ucrt:api-ms-win-crt-heap-l1-1-0.dll
 0002:00001860       __IMPORT_DESCRIPTOR_api-ms-win-crt-runtime-l1-1-0 0000000180021860     ucrt:api-ms-win-crt-runtime-l1-1-0.dll
 0002:00001874       __NULL_IMPORT_DESCRIPTOR   0000000180021874     libmwblas:libmwblas.dll
 0003:00001568       DYNAMIC_DIMENSION          0000000180024568     Furuta_Control_sfun_registry.obj
 0003:00004b80       __security_cookie          0000000180027b80     MSVCRT:gs_cookie.obj
 0003:00004b88       __security_cookie_complement 0000000180027b88     MSVCRT:gs_cookie.obj
 0003:00004b90       _fltused                   0000000180027b90     MSVCRT:fltused.obj
 0003:00004ba0       __scrt_native_dllmain_reason 0000000180027ba0     MSVCRT:utility.obj
 0003:00004ba8       __isa_available            0000000180027ba8     MSVCRT:_cpu_disp_.obj
 0003:00004bac       __isa_enabled              0000000180027bac     MSVCRT:_cpu_disp_.obj
 0003:00004bb0       __memcpy_nt_iters          0000000180027bb0     MSVCRT:_cpu_disp_.obj
 0003:00004bc0       __scrt_ucrt_dll_is_in_use  0000000180027bc0     MSVCRT:ucrt_stubs.obj
 0003:00004be0       sfGlobalDebugInstanceStruct 0000000180027be0     Furuta_Control_sfun_registry.obj
 0003:000051a0       ?__type_info_root_node@@3U__type_info_node@@A 00000001800281a0     MSVCRT:tncleanup.obj
 0003:000051b0       ?_OptionsStorage@?1??__local_stdio_printf_options@@9@4_KA 00000001800281b0     MSVCRT:default_local_stdio_options.obj
 0003:000051b8       ?_OptionsStorage@?1??__local_stdio_scanf_options@@9@4_KA 00000001800281b8     MSVCRT:default_local_stdio_options.obj
 0003:000051f4       __scrt_current_native_startup_state 00000001800281f4     MSVCRT:utility.obj
 0003:000051f8       __scrt_native_startup_lock 00000001800281f8     MSVCRT:utility.obj
 0003:00005204       __scrt_debugger_hook_flag  0000000180028204     MSVCRT:utility_desktop.obj
 0003:00005208       __favor                    0000000180028208     MSVCRT:_cpu_disp_.obj
 0003:00005210       ?_OptionsStorage@?1??__local_stdio_printf_options@@9@9 0000000180028210     <common>
 0003:00005218       _Furuta_ControlMachineNumber_ 0000000180028218     <common>
 0003:0000521c       _sharedTrackingLibraryMachineNumber_ 000000018002821c     <common>
 0003:00005220       __dyn_tls_init_callback    0000000180028220     <common>

 entry point at        0001:0001daa4

 Static symbols

 0000:00000000       .debug$S                   0000000180000000     sf_runtime:sf_runtime.dll
 0000:00000000       .debug$S                   0000000180000000     libmwblas:libmwblas.dll
 0000:00000000       .debug$S                   0000000180000000     sf_runtime:sf_runtime.dll
 0000:00000000       .debug$S                   0000000180000000     sf_runtime:sf_runtime.dll
 0000:00000000       .debug$S                   0000000180000000     sf_runtime:sf_runtime.dll
 0000:00000000       .debug$S                   0000000180000000     sf_runtime:sf_runtime.dll
 0000:00000000       .debug$S                   0000000180000000     Furuta_Control_sfun.exp
 0000:00000000       .debug$S                   0000000180000000     sf_runtime:sf_runtime.dll
 0000:00000000       .debug$S                   0000000180000000     sf_runtime:sf_runtime.dll
 0000:00000000       .debug$S                   0000000180000000     sf_runtime:sf_runtime.dll
 0000:00000000       .debug$S                   0000000180000000     sf_runtime:sf_runtime.dll
 0000:00000000       .debug$S                   0000000180000000     sf_runtime:sf_runtime.dll
 0000:00000000       .debug$S                   0000000180000000     ucrt:api-ms-win-crt-runtime-l1-1-0.dll
 0000:00000000       .debug$S                   0000000180000000     ucrt:api-ms-win-crt-runtime-l1-1-0.dll
 0000:00000000       .debug$S                   0000000180000000     ucrt:api-ms-win-crt-runtime-l1-1-0.dll
 0000:00000000       .debug$S                   0000000180000000     ucrt:api-ms-win-crt-runtime-l1-1-0.dll
 0000:00000000       .debug$S                   0000000180000000     ucrt:api-ms-win-crt-runtime-l1-1-0.dll
 0000:00000000       .debug$S                   0000000180000000     ucrt:api-ms-win-crt-runtime-l1-1-0.dll
 0000:00000000       .debug$S                   0000000180000000     ucrt:api-ms-win-crt-runtime-l1-1-0.dll
 0000:00000000       .debug$S                   0000000180000000     ucrt:api-ms-win-crt-runtime-l1-1-0.dll
 0000:00000000       .debug$S                   0000000180000000     ucrt:api-ms-win-crt-runtime-l1-1-0.dll
 0000:00000000       .debug$S                   0000000180000000     ucrt:api-ms-win-crt-runtime-l1-1-0.dll
 0000:00000000       .debug$S                   0000000180000000     ucrt:api-ms-win-crt-runtime-l1-1-0.dll
 0000:00000000       .debug$S                   0000000180000000     ucrt:api-ms-win-crt-runtime-l1-1-0.dll
 0000:00000000       .debug$S                   0000000180000000     ucrt:api-ms-win-crt-string-l1-1-0.dll
 0000:00000000       .debug$S                   0000000180000000     ucrt:api-ms-win-crt-heap-l1-1-0.dll
 0000:00000000       .debug$S                   0000000180000000     ucrt:api-ms-win-crt-heap-l1-1-0.dll
 0000:00000000       .debug$S                   0000000180000000     ucrt:api-ms-win-crt-stdio-l1-1-0.dll
 0000:00000000       .debug$S                   0000000180000000     ucrt:api-ms-win-crt-string-l1-1-0.dll
 0000:00000000       .debug$S                   0000000180000000     sf_runtime:sf_runtime.dll
 0000:00000000       .debug$S                   0000000180000000     vcruntime:VCRUNTIME140.dll
 0000:00000000       .debug$S                   0000000180000000     vcruntime:VCRUNTIME140.dll
 0000:00000000       .debug$S                   0000000180000000     vcruntime:VCRUNTIME140.dll
 0000:00000000       .debug$S                   0000000180000000     vcruntime:VCRUNTIME140.dll
 0000:00000000       .debug$S                   0000000180000000     sf_runtime:sf_runtime.dll
 0000:00000000       .debug$S                   0000000180000000     kernel32:KERNEL32.dll
 0000:00000000       .debug$S                   0000000180000000     kernel32:KERNEL32.dll
 0000:00000000       .debug$S                   0000000180000000     kernel32:KERNEL32.dll
 0000:00000000       .debug$S                   0000000180000000     kernel32:KERNEL32.dll
 0000:00000000       .debug$S                   0000000180000000     kernel32:KERNEL32.dll
 0000:00000000       .debug$S                   0000000180000000     kernel32:KERNEL32.dll
 0000:00000000       .debug$S                   0000000180000000     kernel32:KERNEL32.dll
 0000:00000000       .debug$S                   0000000180000000     kernel32:KERNEL32.dll
 0000:00000000       .debug$S                   0000000180000000     kernel32:KERNEL32.dll
 0000:00000000       .debug$S                   0000000180000000     kernel32:KERNEL32.dll
 0000:00000000       .debug$S                   0000000180000000     kernel32:KERNEL32.dll
 0000:00000000       .debug$S                   0000000180000000     kernel32:KERNEL32.dll
 0000:00000000       .debug$S                   0000000180000000     kernel32:KERNEL32.dll
 0000:00000000       .debug$S                   0000000180000000     kernel32:KERNEL32.dll
 0000:00000000       .debug$S                   0000000180000000     kernel32:KERNEL32.dll
 0000:00000000       .debug$S                   0000000180000000     kernel32:KERNEL32.dll
 0000:00000000       .debug$S                   0000000180000000     kernel32:KERNEL32.dll
 0000:00000000       .debug$S                   0000000180000000     sf_runtime:sf_runtime.dll
 0000:00000000       .debug$S                   0000000180000000     sf_runtime:sf_runtime.dll
 0000:00000000       .debug$S                   0000000180000000     sf_runtime:sf_runtime.dll
 0000:00000000       .debug$S                   0000000180000000     sf_runtime:sf_runtime.dll
 0002:fffe0000       __guard_fids__guard_icall_checks_enforced 0000000180000000     MSVCRT:guard_support.obj
 0002:fffe0000       __guard_fids__             0000000180000000     MSVCRT:guard_support.obj
 0000:00000000       .debug$S                   0000000180000000     sf_runtime:sf_runtime.dll
 0000:00000000       .debug$S                   0000000180000000     sf_runtime:sf_runtime.dll
 0000:00000000       .debug$S                   0000000180000000     sf_runtime:sf_runtime.dll
 0000:00000000       .debug$S                   0000000180000000     sf_runtime:sf_runtime.dll
 0000:00000000       .debug$S                   0000000180000000     sf_runtime:sf_runtime.dll
 0000:00000000       .debug$S                   0000000180000000     sf_runtime:sf_runtime.dll
 0000:00000000       .debug$S                   0000000180000000     libmx:libmx.dll
 0000:00000000       .debug$S                   0000000180000000     sf_runtime:sf_runtime.dll
 0000:00000000       .debug$S                   0000000180000000     libmx:libmx.dll
 0000:00000000       .debug$S                   0000000180000000     sf_runtime:sf_runtime.dll
 0002:fffe0000       __guard_fids___scrt_set_unhandled_exception_filter 0000000180000000     MSVCRT:utility_desktop.obj
 0000:00000000       .debug$S                   0000000180000000     libmx:libmx.dll
 0000:00000000       .debug$S                   0000000180000000     sf_runtime:sf_runtime.dll
 0000:00000000       .debug$S                   0000000180000000     libmx:libmx.dll
 0000:00000000       .debug$S                   0000000180000000     sf_runtime:sf_runtime.dll
 0000:00000000       .debug$S                   0000000180000000     libmx:libmx.dll
 0000:00000000       .debug$S                   0000000180000000     libmx:libmx.dll
 0000:00000000       .debug$S                   0000000180000000     sf_runtime:sf_runtime.dll
 0000:00000000       .debug$S                   0000000180000000     libmx:libmx.dll
 0000:00000000       .debug$S                   0000000180000000     sf_runtime:sf_runtime.dll
 0000:00000000       .debug$S                   0000000180000000     libmex:libmex.dll
 0000:00000000       .debug$S                   0000000180000000     sf_runtime:sf_runtime.dll
 0000:00000000       .debug$S                   0000000180000000     libmex:libmex.dll
 0000:00000000       .debug$S                   0000000180000000     sf_runtime:sf_runtime.dll
 0000:00000000       .debug$S                   0000000180000000     libmex:libmex.dll
 0000:00000000       .debug$S                   0000000180000000     sf_runtime:sf_runtime.dll
 0000:00000000       .debug$S                   0000000180000000     libmex:libmex.dll
 0000:00000000       .debug$S                   0000000180000000     sf_runtime:sf_runtime.dll
 0000:00000000       .debug$S                   0000000180000000     libmex:libmex.dll
 0000:00000000       .debug$S                   0000000180000000     sf_runtime:sf_runtime.dll
 0000:00000000       .debug$S                   0000000180000000     libmex:libmex.dll
 0000:00000000       .debug$S                   0000000180000000     sf_runtime:sf_runtime.dll
 0000:00000000       .debug$S                   0000000180000000     libmex:libmex.dll
 0000:00000000       .debug$S                   0000000180000000     sf_runtime:sf_runtime.dll
 0000:00000000       .debug$S                   0000000180000000     libmx:libmx.dll
 0000:00000000       .debug$S                   0000000180000000     sf_runtime:sf_runtime.dll
 0000:00000000       .debug$S                   0000000180000000     libut:libut.dll
 0000:00000000       .debug$S                   0000000180000000     libut:libut.dll
 0000:00000000       .debug$S                   0000000180000000     libmx:libmx.dll
 0000:00000000       .debug$S                   0000000180000000     sf_runtime:sf_runtime.dll
 0000:00000000       .debug$S                   0000000180000000     libmwmathutil:libmwmathutil.dll
 0000:00000000       .debug$S                   0000000180000000     sf_runtime:sf_runtime.dll
 0000:00000000       .debug$S                   0000000180000000     libmx:libmx.dll
 0000:00000000       .debug$S                   0000000180000000     sf_runtime:sf_runtime.dll
 0000:00000000       .debug$S                   0000000180000000     libmx:libmx.dll
 0000:00000000       .debug$S                   0000000180000000     sf_runtime:sf_runtime.dll
 0000:00000000       .debug$S                   0000000180000000     libmwsl_simtarget_core:libmwsl_simtarget_core.dll
 0000:00000000       .debug$S                   0000000180000000     sf_runtime:sf_runtime.dll
 0000:00000000       .debug$S                   0000000180000000     libmx:libmx.dll
 0000:00000000       .debug$S                   0000000180000000     sf_runtime:sf_runtime.dll
 0000:00000000       .debug$S                   0000000180000000     sf_runtime:sf_runtime.dll
 0000:00000000       .debug$S                   0000000180000000     sf_runtime:sf_runtime.dll
 0000:00000000       .debug$S                   0000000180000000     sf_runtime:sf_runtime.dll
 0000:00000000       .debug$S                   0000000180000000     libmx:libmx.dll
 0000:00000000       .debug$S                   0000000180000000     libmx:libmx.dll
[...]
 0004:000006e4       $pdata$chart_debug_initialize_data_addresses 00000001800296e4     sharedTrackingLibrary_sfun:c1_sharedTrackingLibrary.obj
 0004:000006f0       $pdata$initialize_c1_sharedTrackingLibrary 00000001800296f0     sharedTrackingLibrary_sfun:c1_sharedTrackingLibrary.obj
 0004:000006fc       $pdata$initialize_params_c1_sharedTrackingLibrary 00000001800296fc     sharedTrackingLibrary_sfun:c1_sharedTrackingLibrary.obj
 0004:00000708       $pdata$enable_c1_sharedTrackingLibrary 0000000180029708     sharedTrackingLibrary_sfun:c1_sharedTrackingLibrary.obj
 0004:00000714       $pdata$disable_c1_sharedTrackingLibrary 0000000180029714     sharedTrackingLibrary_sfun:c1_sharedTrackingLibrary.obj
 0004:00000720       $pdata$get_sim_state_c1_sharedTrackingLibrary 0000000180029720     sharedTrackingLibrary_sfun:c1_sharedTrackingLibrary.obj
 0004:0000072c       $pdata$set_sim_state_c1_sharedTrackingLibrary 000000018002972c     sharedTrackingLibrary_sfun:c1_sharedTrackingLibrary.obj
 0004:00000738       $pdata$sf_gateway_c1_sharedTrackingLibrary 0000000180029738     sharedTrackingLibrary_sfun:c1_sharedTrackingLibrary.obj
 0004:00000744       $pdata$mdl_start_c1_sharedTrackingLibrary 0000000180029744     sharedTrackingLibrary_sfun:c1_sharedTrackingLibrary.obj
 0004:00000750       $pdata$c1_Furuta_Measurement_invoke 0000000180029750     sharedTrackingLibrary_sfun:c1_sharedTrackingLibrary.obj
 0004:0000075c       $pdata$c1_sf_marshallOut   000000018002975c     sharedTrackingLibrary_sfun:c1_sharedTrackingLibrary.obj
 0004:00000768       $pdata$c1_emlrt_marshallIn 0000000180029768     sharedTrackingLibrary_sfun:c1_sharedTrackingLibrary.obj
 0004:00000774       $pdata$c1_sf_marshallIn    0000000180029774     sharedTrackingLibrary_sfun:c1_sharedTrackingLibrary.obj
 0004:00000780       $pdata$c1_b_sf_marshallOut 0000000180029780     sharedTrackingLibrary_sfun:c1_sharedTrackingLibrary.obj
 0004:0000078c       $pdata$c1_c_sf_marshallOut 000000018002978c     sharedTrackingLibrary_sfun:c1_sharedTrackingLibrary.obj
 0004:00000798       $pdata$c1_b_emlrt_marshallIn 0000000180029798     sharedTrackingLibrary_sfun:c1_sharedTrackingLibrary.obj
 0004:000007a4       $pdata$c1_b_sf_marshallIn  00000001800297a4     sharedTrackingLibrary_sfun:c1_sharedTrackingLibrary.obj
 0004:000007b0       $pdata$c1_d_sf_marshallOut 00000001800297b0     sharedTrackingLibrary_sfun:c1_sharedTrackingLibrary.obj
 0004:000007bc       $pdata$c1_e_sf_marshallOut 00000001800297bc     sharedTrackingLibrary_sfun:c1_sharedTrackingLibrary.obj
 0004:000007c8       $pdata$c1_f_sf_marshallOut 00000001800297c8     sharedTrackingLibrary_sfun:c1_sharedTrackingLibrary.obj
 0004:000007d4       $pdata$c1_c_emlrt_marshallIn 00000001800297d4     sharedTrackingLibrary_sfun:c1_sharedTrackingLibrary.obj
 0004:000007e0       $pdata$c1_d_emlrt_marshallIn 00000001800297e0     sharedTrackingLibrary_sfun:c1_sharedTrackingLibrary.obj
 0004:000007ec       $pdata$c1_c_sf_marshallIn  00000001800297ec     sharedTrackingLibrary_sfun:c1_sharedTrackingLibrary.obj
 0004:000007f8       $pdata$c1_e_emlrt_marshallIn 00000001800297f8     sharedTrackingLibrary_sfun:c1_sharedTrackingLibrary.obj
 0004:00000804       $pdata$c1_f_emlrt_marshallIn 0000000180029804     sharedTrackingLibrary_sfun:c1_sharedTrackingLibrary.obj
 0004:00000810       $pdata$c1_d_sf_marshallIn  0000000180029810     sharedTrackingLibrary_sfun:c1_sharedTrackingLibrary.obj
 0004:0000081c       $pdata$c1_g_emlrt_marshallIn 000000018002981c     sharedTrackingLibrary_sfun:c1_sharedTrackingLibrary.obj
 0004:00000828       $pdata$c1_h_emlrt_marshallIn 0000000180029828     sharedTrackingLibrary_sfun:c1_sharedTrackingLibrary.obj
 0004:00000834       $pdata$c1_e_sf_marshallIn  0000000180029834     sharedTrackingLibrary_sfun:c1_sharedTrackingLibrary.obj
 0004:00000840       $pdata$c1_check_forloop_overflow_error 0000000180029840     sharedTrackingLibrary_sfun:c1_sharedTrackingLibrary.obj
 0004:0000084c       $pdata$c1_j_emlrt_marshallIn 000000018002984c     sharedTrackingLibrary_sfun:c1_sharedTrackingLibrary.obj
 0004:00000858       $pdata$c1_k_emlrt_marshallIn 0000000180029858     sharedTrackingLibrary_sfun:c1_sharedTrackingLibrary.obj
 0004:00000864       $pdata$c1_g_sf_marshallIn  0000000180029864     sharedTrackingLibrary_sfun:c1_sharedTrackingLibrary.obj
 0004:00000870       $pdata$c1_l_emlrt_marshallIn 0000000180029870     sharedTrackingLibrary_sfun:c1_sharedTrackingLibrary.obj
 0004:0000087c       $pdata$c1_m_emlrt_marshallIn 000000018002987c     sharedTrackingLibrary_sfun:c1_sharedTrackingLibrary.obj
 0004:00000888       $pdata$c1_b_localLowerCholesky 0000000180029888     sharedTrackingLibrary_sfun:c1_sharedTrackingLibrary.obj
 0004:00000894       $pdata$init_simulink_io_address 0000000180029894     sharedTrackingLibrary_sfun:c1_sharedTrackingLibrary.obj
 0004:000008a0       $pdata$sf_c1_sharedTrackingLibrary_get_post_codegen_info 00000001800298a0     sharedTrackingLibrary_sfun:c1_sharedTrackingLibrary.obj
 0004:000008ac       $pdata$sf_c1_sharedTrackingLibrary_get_autoinheritance_info 00000001800298ac     sharedTrackingLibrary_sfun:c1_sharedTrackingLibrary.obj
 0004:000008b8       $pdata$sf_c1_sharedTrackingLibrary_third_party_uses_info 00000001800298b8     sharedTrackingLibrary_sfun:c1_sharedTrackingLibrary.obj
 0004:000008c4       $pdata$sf_c1_sharedTrackingLibrary_jit_fallback_info 00000001800298c4     sharedTrackingLibrary_sfun:c1_sharedTrackingLibrary.obj
 0004:000008d0       $pdata$sf_c1_sharedTrackingLibrary_updateBuildInfo_args_info 00000001800298d0     sharedTrackingLibrary_sfun:c1_sharedTrackingLibrary.obj
 0004:000008dc       $pdata$sf_get_sim_state_info_c1_sharedTrackingLibrary 00000001800298dc     sharedTrackingLibrary_sfun:c1_sharedTrackingLibrary.obj
 0004:000008e8       $pdata$sf_opaque_initialize_c1_sharedTrackingLibrary 00000001800298e8     sharedTrackingLibrary_sfun:c1_sharedTrackingLibrary.obj
 0004:000008f4       $pdata$sf_opaque_enable_c1_sharedTrackingLibrary 00000001800298f4     sharedTrackingLibrary_sfun:c1_sharedTrackingLibrary.obj
 0004:00000900       $pdata$sf_opaque_disable_c1_sharedTrackingLibrary 0000000180029900     sharedTrackingLibrary_sfun:c1_sharedTrackingLibrary.obj
 0004:0000090c       $pdata$sf_opaque_gateway_c1_sharedTrackingLibrary 000000018002990c     sharedTrackingLibrary_sfun:c1_sharedTrackingLibrary.obj
 0004:00000918       $pdata$sf_opaque_get_sim_state_c1_sharedTrackingLibrary 0000000180029918     sharedTrackingLibrary_sfun:c1_sharedTrackingLibrary.obj
 0004:00000924       $pdata$sf_opaque_set_sim_state_c1_sharedTrackingLibrary 0000000180029924     sharedTrackingLibrary_sfun:c1_sharedTrackingLibrary.obj
 0004:00000930       $pdata$sf_opaque_terminate_c1_sharedTrackingLibrary 0000000180029930     sharedTrackingLibrary_sfun:c1_sharedTrackingLibrary.obj
 0004:0000093c       $pdata$mdlProcessParameters_c1_sharedTrackingLibrary 000000018002993c     sharedTrackingLibrary_sfun:c1_sharedTrackingLibrary.obj
 0004:00000948       $pdata$mdlSetWorkWidths_c1_sharedTrackingLibrary 0000000180029948     sharedTrackingLibrary_sfun:c1_sharedTrackingLibrary.obj
 0004:00000954       $pdata$mdlRTW_c1_sharedTrackingLibrary 0000000180029954     sharedTrackingLibrary_sfun:c1_sharedTrackingLibrary.obj
 0004:00000960       $pdata$mdlStart_c1_sharedTrackingLibrary 0000000180029960     sharedTrackingLibrary_sfun:c1_sharedTrackingLibrary.obj
 0004:0000096c       $pdata$sf_c2_sharedTrackingLibrary_get_eml_resolved_functions_info 000000018002996c     sharedTrackingLibrary_sfun:c2_sharedTrackingLibrary.obj
 0004:00000978       $pdata$sf_c2_sharedTrackingLibrary_get_check_sum 0000000180029978     sharedTrackingLibrary_sfun:c2_sharedTrackingLibrary.obj
 0004:00000984       $pdata$c2_sharedTrackingLibrary_method_dispatcher 0000000180029984     sharedTrackingLibrary_sfun:c2_sharedTrackingLibrary.obj
 0004:00000990       $pdata$chart_debug_initialization 0000000180029990     sharedTrackingLibrary_sfun:c2_sharedTrackingLibrary.obj
 0004:0000099c       $pdata$chart_debug_initialize_data_addresses 000000018002999c     sharedTrackingLibrary_sfun:c2_sharedTrackingLibrary.obj
 0004:000009a8       $pdata$initialize_c2_sharedTrackingLibrary 00000001800299a8     sharedTrackingLibrary_sfun:c2_sharedTrackingLibrary.obj
 0004:000009b4       $pdata$initialize_params_c2_sharedTrackingLibrary 00000001800299b4     sharedTrackingLibrary_sfun:c2_sharedTrackingLibrary.obj
 0004:000009c0       $pdata$enable_c2_sharedTrackingLibrary 00000001800299c0     sharedTrackingLibrary_sfun:c2_sharedTrackingLibrary.obj
 0004:000009cc       $pdata$disable_c2_sharedTrackingLibrary 00000001800299cc     sharedTrackingLibrary_sfun:c2_sharedTrackingLibrary.obj
 0004:000009d8       $pdata$get_sim_state_c2_sharedTrackingLibrary 00000001800299d8     sharedTrackingLibrary_sfun:c2_sharedTrackingLibrary.obj
 0004:000009e4       $pdata$set_sim_state_c2_sharedTrackingLibrary 00000001800299e4     sharedTrackingLibrary_sfun:c2_sharedTrackingLibrary.obj
 0004:000009f0       $pdata$sf_gateway_c2_sharedTrackingLibrary 00000001800299f0     sharedTrackingLibrary_sfun:c2_sharedTrackingLibrary.obj
 0004:000009fc       $pdata$mdl_start_c2_sharedTrackingLibrary 00000001800299fc     sharedTrackingLibrary_sfun:c2_sharedTrackingLibrary.obj
 0004:00000a08       $pdata$c2_Furuta_State_Transition_invoke 0000000180029a08     sharedTrackingLibrary_sfun:c2_sharedTrackingLibrary.obj
 0004:00000a14       $pdata$c2_sf_marshallOut   0000000180029a14     sharedTrackingLibrary_sfun:c2_sharedTrackingLibrary.obj
 0004:00000a20       $pdata$c2_emlrt_marshallIn 0000000180029a20     sharedTrackingLibrary_sfun:c2_sharedTrackingLibrary.obj
 0004:00000a2c       $pdata$c2_sf_marshallIn    0000000180029a2c     sharedTrackingLibrary_sfun:c2_sharedTrackingLibrary.obj
 0004:00000a38       $pdata$c2_b_sf_marshallOut 0000000180029a38     sharedTrackingLibrary_sfun:c2_sharedTrackingLibrary.obj
 0004:00000a44       $pdata$c2_c_sf_marshallOut 0000000180029a44     sharedTrackingLibrary_sfun:c2_sharedTrackingLibrary.obj
 0004:00000a50       $pdata$c2_b_emlrt_marshallIn 0000000180029a50     sharedTrackingLibrary_sfun:c2_sharedTrackingLibrary.obj
 0004:00000a5c       $pdata$c2_b_sf_marshallIn  0000000180029a5c     sharedTrackingLibrary_sfun:c2_sharedTrackingLibrary.obj
 0004:00000a68       $pdata$c2_d_sf_marshallOut 0000000180029a68     sharedTrackingLibrary_sfun:c2_sharedTrackingLibrary.obj
 0004:00000a74       $pdata$c2_e_sf_marshallOut 0000000180029a74     sharedTrackingLibrary_sfun:c2_sharedTrackingLibrary.obj
 0004:00000a80       $pdata$c2_f_sf_marshallOut 0000000180029a80     sharedTrackingLibrary_sfun:c2_sharedTrackingLibrary.obj
 0004:00000a8c       $pdata$c2_c_emlrt_marshallIn 0000000180029a8c     sharedTrackingLibrary_sfun:c2_sharedTrackingLibrary.obj
 0004:00000a98       $pdata$c2_d_emlrt_marshallIn 0000000180029a98     sharedTrackingLibrary_sfun:c2_sharedTrackingLibrary.obj
 0004:00000aa4       $pdata$c2_c_sf_marshallIn  0000000180029aa4     sharedTrackingLibrary_sfun:c2_sharedTrackingLibrary.obj
 0004:00000ab0       $pdata$c2_e_emlrt_marshallIn 0000000180029ab0     sharedTrackingLibrary_sfun:c2_sharedTrackingLibrary.obj
 0004:00000abc       $pdata$c2_f_emlrt_marshallIn 0000000180029abc     sharedTrackingLibrary_sfun:c2_sharedTrackingLibrary.obj
 0004:00000ac8       $pdata$c2_d_sf_marshallIn  0000000180029ac8     sharedTrackingLibrary_sfun:c2_sharedTrackingLibrary.obj
 0004:00000ad4       $pdata$c2_check_forloop_overflow_error 0000000180029ad4     sharedTrackingLibrary_sfun:c2_sharedTrackingLibrary.obj
 0004:00000ae0       $pdata$c2_h_emlrt_marshallIn 0000000180029ae0     sharedTrackingLibrary_sfun:c2_sharedTrackingLibrary.obj
 0004:00000aec       $pdata$c2_i_emlrt_marshallIn 0000000180029aec     sharedTrackingLibrary_sfun:c2_sharedTrackingLibrary.obj
 0004:00000af8       $pdata$c2_j_emlrt_marshallIn 0000000180029af8     sharedTrackingLibrary_sfun:c2_sharedTrackingLibrary.obj
 0004:00000b04       $pdata$c2_f_sf_marshallIn  0000000180029b04     sharedTrackingLibrary_sfun:c2_sharedTrackingLibrary.obj
 0004:00000b10       $pdata$c2_k_emlrt_marshallIn 0000000180029b10     sharedTrackingLibrary_sfun:c2_sharedTrackingLibrary.obj
 0004:00000b1c       $pdata$c2_l_emlrt_marshallIn 0000000180029b1c     sharedTrackingLibrary_sfun:c2_sharedTrackingLibrary.obj
 0004:00000b28       $pdata$c2_b_localLowerCholesky 0000000180029b28     sharedTrackingLibrary_sfun:c2_sharedTrackingLibrary.obj
 0004:00000b34       $pdata$init_simulink_io_address 0000000180029b34     sharedTrackingLibrary_sfun:c2_sharedTrackingLibrary.obj
 0004:00000b40       $pdata$sf_c2_sharedTrackingLibrary_get_post_codegen_info 0000000180029b40     sharedTrackingLibrary_sfun:c2_sharedTrackingLibrary.obj
 0004:00000b4c       $pdata$sf_c2_sharedTrackingLibrary_get_autoinheritance_info 0000000180029b4c     sharedTrackingLibrary_sfun:c2_sharedTrackingLibrary.obj
 0004:00000b58       $pdata$sf_c2_sharedTrackingLibrary_third_party_uses_info 0000000180029b58     sharedTrackingLibrary_sfun:c2_sharedTrackingLibrary.obj
 0004:00000b64       $pdata$sf_c2_sharedTrackingLibrary_jit_fallback_info 0000000180029b64     sharedTrackingLibrary_sfun:c2_sharedTrackingLibrary.obj
 0004:00000b70       $pdata$sf_c2_sharedTrackingLibrary_updateBuildInfo_args_info 0000000180029b70     sharedTrackingLibrary_sfun:c2_sharedTrackingLibrary.obj
 0004:00000b7c       $pdata$sf_get_sim_state_info_c2_sharedTrackingLibrary 0000000180029b7c     sharedTrackingLibrary_sfun:c2_sharedTrackingLibrary.obj
 0004:00000b88       $pdata$sf_opaque_initialize_c2_sharedTrackingLibrary 0000000180029b88     sharedTrackingLibrary_sfun:c2_sharedTrackingLibrary.obj
 0004:00000b94       $pdata$sf_opaque_enable_c2_sharedTrackingLibrary 0000000180029b94     sharedTrackingLibrary_sfun:c2_sharedTrackingLibrary.obj
 0004:00000ba0       $pdata$sf_opaque_disable_c2_sharedTrackingLibrary 0000000180029ba0     sharedTrackingLibrary_sfun:c2_sharedTrackingLibrary.obj
 0004:00000bac       $pdata$sf_opaque_gateway_c2_sharedTrackingLibrary 0000000180029bac     sharedTrackingLibrary_sfun:c2_sharedTrackingLibrary.obj
 0004:00000bb8       $pdata$sf_opaque_get_sim_state_c2_sharedTrackingLibrary 0000000180029bb8     sharedTrackingLibrary_sfun:c2_sharedTrackingLibrary.obj
 0004:00000bc4       $pdata$sf_opaque_set_sim_state_c2_sharedTrackingLibrary 0000000180029bc4     sharedTrackingLibrary_sfun:c2_sharedTrackingLibrary.obj
 0004:00000bd0       $pdata$sf_opaque_terminate_c2_sharedTrackingLibrary 0000000180029bd0     sharedTrackingLibrary_sfun:c2_sharedTrackingLibrary.obj
 0004:00000bdc       $pdata$mdlProcessParameters_c2_sharedTrackingLibrary 0000000180029bdc     sharedTrackingLibrary_sfun:c2_sharedTrackingLibrary.obj
 0004:00000be8       $pdata$mdlSetWorkWidths_c2_sharedTrackingLibrary 0000000180029be8     sharedTrackingLibrary_sfun:c2_sharedTrackingLibrary.obj
 0004:00000bf4       $pdata$mdlRTW_c2_sharedTrackingLibrary 0000000180029bf4     sharedTrackingLibrary_sfun:c2_sharedTrackingLibrary.obj
 0004:00000c00       $pdata$mdlStart_c2_sharedTrackingLibrary 0000000180029c00     sharedTrackingLibrary_sfun:c2_sharedTrackingLibrary.obj
 0004:00000c30       $pdata$__report_securityfailure 0000000180029c30     MSVCRT:gs_report.obj
 0004:00000c3c       $pdata$__report_securityfailureEx 0000000180029c3c     MSVCRT:gs_report.obj
 0004:00000c24       $pdata$__report_rangecheckfailure 0000000180029c24     MSVCRT:gs_report.obj
 0004:00000c18       $pdata$__report_gsfailure  0000000180029c18     MSVCRT:gs_report.obj
 0004:00000c48       $pdata$capture_current_context 0000000180029c48     MSVCRT:gs_report.obj
 0004:00000c54       $pdata$capture_previous_context 0000000180029c54     MSVCRT:gs_report.obj
 0004:00000c0c       $pdata$__raise_securityfailure 0000000180029c0c     MSVCRT:gs_report.obj
 0004:00000c6c       $pdata$__GSHandlerCheckCommon 0000000180029c6c     MSVCRT:_gshandler_.obj
 0004:00000c60       $pdata$__GSHandlerCheck    0000000180029c60     MSVCRT:_gshandler_.obj
 0004:00000c9c       $pdata$?dllmain_crt_process_attach@@YAHQEAUHINSTANCE__@@QEAX@Z 0000000180029c9c     MSVCRT:dll_dllmain.obj
 0004:00000e58       $pdata$?fin$0@?0??dllmain_crt_process_attach@@YAHQEAUHINSTANCE__@@QEAX@Z@4HA 0000000180029e58     MSVCRT:dll_dllmain.obj
 0004:00000ca8       $pdata$?dllmain_crt_process_detach@@YAH_N@Z 0000000180029ca8     MSVCRT:dll_dllmain.obj
 0004:00000e64       $pdata$?fin$0@?0??dllmain_crt_process_detach@@YAH_N@Z@4HA 0000000180029e64     MSVCRT:dll_dllmain.obj
 0004:00000c90       $pdata$?dllmain_crt_dispatch@@YAHQEAUHINSTANCE__@@KQEAX@Z 0000000180029c90     MSVCRT:dll_dllmain.obj
 0004:00000cc0       $pdata$?dllmain_raw@@YAHQEAUHINSTANCE__@@KQEAX@Z 0000000180029cc0     MSVCRT:dll_dllmain.obj
 0004:00000cb4       $pdata$?dllmain_dispatch@@YAHQEAUHINSTANCE__@@KQEAX@Z 0000000180029cb4     MSVCRT:dll_dllmain.obj
 0004:00000e70       $pdata$?filt$0@?0??dllmain_dispatch@@YAHQEAUHINSTANCE__@@KQEAX@Z@4HA 0000000180029e70     MSVCRT:dll_dllmain.obj
 0004:00000ccc       $pdata$_DllMainCRTStartup  0000000180029ccc     MSVCRT:dll_dllmain.obj
 0004:00000ce4       $pdata$__security_init_cookie 0000000180029ce4     MSVCRT:gs_support.obj
 0004:00000cd8       $pdata$__get_entropy       0000000180029cd8     MSVCRT:gs_support.obj
 0004:00000cf0       $pdata$DllMain             0000000180029cf0     MSVCRT:dll_dllmain_stub.obj
 0004:00000cfc       $pdata$__scrt_initialize_default_local_stdio_options 0000000180029cfc     MSVCRT:default_local_stdio_options.obj
 0004:00000dbc       $pdata$atexit              0000000180029dbc     MSVCRT:utility.obj
 0004:00000db0       $pdata$_onexit             0000000180029db0     MSVCRT:utility.obj
 0004:00000d8c       $pdata$__scrt_is_nonwritable_in_current_image 0000000180029d8c     MSVCRT:utility.obj
 0004:00000e7c       $pdata$__scrt_is_nonwritable_in_current_image$filt$0 0000000180029e7c     MSVCRT:utility.obj
 0004:00000d14       $pdata$__scrt_acquire_startup_lock 0000000180029d14     MSVCRT:utility.obj
 0004:00000d98       $pdata$__scrt_release_startup_lock 0000000180029d98     MSVCRT:utility.obj
 0004:00000d74       $pdata$__scrt_initialize_crt 0000000180029d74     MSVCRT:utility.obj
 0004:00000da4       $pdata$__scrt_uninitialize_crt 0000000180029da4     MSVCRT:utility.obj
 0004:00000d80       $pdata$__scrt_initialize_onexit_tables 0000000180029d80     MSVCRT:utility.obj
 0004:00000d50       $pdata$__scrt_dllmain_exception_filter 0000000180029d50     MSVCRT:utility.obj
 0004:00000d2c       $pdata$__scrt_dllmain_before_initialize_c 0000000180029d2c     MSVCRT:utility.obj
 0004:00000d20       $pdata$__scrt_dllmain_after_initialize_c 0000000180029d20     MSVCRT:utility.obj
 0004:00000d5c       $pdata$__scrt_dllmain_uninitialize_c 0000000180029d5c     MSVCRT:utility.obj
 0004:00000d68       $pdata$__scrt_dllmain_uninitialize_critical 0000000180029d68     MSVCRT:utility.obj
 0004:00000d38       $pdata$__scrt_dllmain_crt_thread_attach 0000000180029d38     MSVCRT:utility.obj
 0004:00000d44       $pdata$__scrt_dllmain_crt_thread_detach 0000000180029d44     MSVCRT:utility.obj
 0004:00000d08       $pdata$?configure_argv@__scrt_narrow_argv_policy@@SAHXZ 0000000180029d08     MSVCRT:utility.obj
 0004:00000dd4       $pdata$__scrt_get_show_window_mode 0000000180029dd4     MSVCRT:utility_desktop.obj
 0004:00000de0       $pdata$__scrt_is_managed_app 0000000180029de0     MSVCRT:utility_desktop.obj
 0004:00000dc8       $pdata$__scrt_fastfail     0000000180029dc8     MSVCRT:utility_desktop.obj
 0004:00000dec       $pdata$__scrt_unhandled_exception_filter 0000000180029dec     MSVCRT:utility_desktop.obj
 0004:00000df8       $pdata$_RTC_Initialize     0000000180029df8     MSVCRT:_initsect_.obj
 0004:00000e04       $pdata$_RTC_Terminate      0000000180029e04     MSVCRT:_initsect_.obj
 0004:00000e10       $pdata$__isa_available_init 0000000180029e10     MSVCRT:_cpu_disp_.obj
